------------------------------------------------------------
TimeQuest Timing Analyzer Summary
------------------------------------------------------------

Type  : Slow 1200mV 85C Model Setup 'clock'
Slack : -0.916
TNS   : -148.390

Type  : Slow 1200mV 85C Model Hold 'clock'
Slack : 0.358
TNS   : 0.000

Type  : Slow 1200mV 85C Model Recovery 'clock'
Slack : 2.225
TNS   : 0.000

Type  : Slow 1200mV 85C Model Removal 'clock'
Slack : 0.938
TNS   : 0.000

Type  : Slow 1200mV 85C Model Minimum Pulse Width 'clock'
Slack : 0.000
TNS   : 0.000

Type  : Slow 1200mV 0C Model Setup 'clock'
Slack : -0.686
TNS   : -84.091

Type  : Slow 1200mV 0C Model Hold 'clock'
Slack : 0.312
TNS   : 0.000

Type  : Slow 1200mV 0C Model Recovery 'clock'
Slack : 2.438
TNS   : 0.000

Type  : Slow 1200mV 0C Model Removal 'clock'
Slack : 0.880
TNS   : 0.000

Type  : Slow 1200mV 0C Model Minimum Pulse Width 'clock'
Slack : 0.000
TNS   : 0.000

Type  : Fast 1200mV 0C Model Setup 'clock'
Slack : 0.971
TNS   : 0.000

Type  : Fast 1200mV 0C Model Hold 'clock'
Slack : 0.186
TNS   : 0.000

Type  : Fast 1200mV 0C Model Recovery 'clock'
Slack : 2.593
TNS   : 0.000

Type  : Fast 1200mV 0C Model Removal 'clock'
Slack : 0.521
TNS   : 0.000

Type  : Fast 1200mV 0C Model Minimum Pulse Width 'clock'
Slack : 0.000
TNS   : 0.000

------------------------------------------------------------
