Analysis & Synthesis report for aes
Wed Oct 30 15:39:07 2019
Quartus II 64-Bit Version 13.0.0 Build 156 04/24/2013 SJ Web Edition


---------------------
; Table of Contents ;
---------------------
  1. Legal Notice
  2. Analysis & Synthesis Summary
  3. Analysis & Synthesis Settings
  4. Parallel Compilation
  5. Analysis & Synthesis Source Files Read
  6. Analysis & Synthesis Resource Usage Summary
  7. Analysis & Synthesis Resource Utilization by Entity
  8. State Machine - |aes|fsm:SM|state
  9. User-Specified and Inferred Latches
 10. Registers Removed During Synthesis
 11. Removed Registers Triggering Further Register Optimizations
 12. General Register Statistics
 13. Multiplexer Restructuring Statistics (Restructuring Performed)
 14. Parameter Settings for User Entity Instance: Top-level Entity: |aes
 15. Parameter Settings for User Entity Instance: addRoundKey:ARK
 16. Parameter Settings for User Entity Instance: subbytes:SB
 17. Parameter Settings for User Entity Instance: addRoundKey:ARK2
 18. Elapsed Time Per Partition
 19. Analysis & Synthesis Messages



----------------
; Legal Notice ;
----------------
Copyright (C) 1991-2013 Altera Corporation
Your use of Altera Corporation's design tools, logic functions 
and other software and tools, and its AMPP partner logic 
functions, and any output files from any of the foregoing 
(including device programming or simulation files), and any 
associated documentation or information are expressly subject 
to the terms and conditions of the Altera Program License 
Subscription Agreement, Altera MegaCore Function License 
Agreement, or other applicable license agreement, including, 
without limitation, that your use is for the sole purpose of 
programming logic devices manufactured by Altera and sold by 
Altera or its authorized distributors.  Please refer to the 
applicable agreement for further details.



+---------------------------------------------------------------------------------+
; Analysis & Synthesis Summary                                                    ;
+------------------------------------+--------------------------------------------+
; Analysis & Synthesis Status        ; Successful - Wed Oct 30 15:39:07 2019      ;
; Quartus II 64-Bit Version          ; 13.0.0 Build 156 04/24/2013 SJ Web Edition ;
; Revision Name                      ; aes                                        ;
; Top-level Entity Name              ; aes                                        ;
; Family                             ; Cyclone III                                ;
; Total logic elements               ; 4,127                                      ;
;     Total combinational functions  ; 4,126                                      ;
;     Dedicated logic registers      ; 521                                        ;
; Total registers                    ; 521                                        ;
; Total pins                         ; 130                                        ;
; Total virtual pins                 ; 0                                          ;
; Total memory bits                  ; 0                                          ;
; Embedded Multiplier 9-bit elements ; 0                                          ;
; Total PLLs                         ; 0                                          ;
+------------------------------------+--------------------------------------------+


+----------------------------------------------------------------------------------------------------------------------+
; Analysis & Synthesis Settings                                                                                        ;
+----------------------------------------------------------------------------+--------------------+--------------------+
; Option                                                                     ; Setting            ; Default Value      ;
+----------------------------------------------------------------------------+--------------------+--------------------+
; Device                                                                     ; EP3C25F324C6       ;                    ;
; Top-level entity name                                                      ; aes                ; aes                ;
; Family name                                                                ; Cyclone III        ; Cyclone IV GX      ;
; Use smart compilation                                                      ; Off                ; Off                ;
; Enable parallel Assembler and TimeQuest Timing Analyzer during compilation ; On                 ; On                 ;
; Enable compact report table                                                ; Off                ; Off                ;
; Restructure Multiplexers                                                   ; Auto               ; Auto               ;
; Create Debugging Nodes for IP Cores                                        ; Off                ; Off                ;
; Preserve fewer node names                                                  ; On                 ; On                 ;
; Disable OpenCore Plus hardware evaluation                                  ; Off                ; Off                ;
; Verilog Version                                                            ; Verilog_2001       ; Verilog_2001       ;
; VHDL Version                                                               ; VHDL_1993          ; VHDL_1993          ;
; State Machine Processing                                                   ; Auto               ; Auto               ;
; Safe State Machine                                                         ; Off                ; Off                ;
; Extract Verilog State Machines                                             ; On                 ; On                 ;
; Extract VHDL State Machines                                                ; On                 ; On                 ;
; Ignore Verilog initial constructs                                          ; Off                ; Off                ;
; Iteration limit for constant Verilog loops                                 ; 5000               ; 5000               ;
; Iteration limit for non-constant Verilog loops                             ; 250                ; 250                ;
; Add Pass-Through Logic to Inferred RAMs                                    ; On                 ; On                 ;
; Infer RAMs from Raw Logic                                                  ; On                 ; On                 ;
; Parallel Synthesis                                                         ; On                 ; On                 ;
; DSP Block Balancing                                                        ; Auto               ; Auto               ;
; NOT Gate Push-Back                                                         ; On                 ; On                 ;
; Power-Up Don't Care                                                        ; On                 ; On                 ;
; Remove Redundant Logic Cells                                               ; Off                ; Off                ;
; Remove Duplicate Registers                                                 ; On                 ; On                 ;
; Ignore CARRY Buffers                                                       ; Off                ; Off                ;
; Ignore CASCADE Buffers                                                     ; Off                ; Off                ;
; Ignore GLOBAL Buffers                                                      ; Off                ; Off                ;
; Ignore ROW GLOBAL Buffers                                                  ; Off                ; Off                ;
; Ignore LCELL Buffers                                                       ; Off                ; Off                ;
; Ignore SOFT Buffers                                                        ; On                 ; On                 ;
; Limit AHDL Integers to 32 Bits                                             ; Off                ; Off                ;
; Optimization Technique                                                     ; Balanced           ; Balanced           ;
; Carry Chain Length                                                         ; 70                 ; 70                 ;
; Auto Carry Chains                                                          ; On                 ; On                 ;
; Auto Open-Drain Pins                                                       ; On                 ; On                 ;
; Perform WYSIWYG Primitive Resynthesis                                      ; Off                ; Off                ;
; Auto ROM Replacement                                                       ; On                 ; On                 ;
; Auto RAM Replacement                                                       ; On                 ; On                 ;
; Auto DSP Block Replacement                                                 ; On                 ; On                 ;
; Auto Shift Register Replacement                                            ; Auto               ; Auto               ;
; Allow Shift Register Merging across Hierarchies                            ; Auto               ; Auto               ;
; Auto Clock Enable Replacement                                              ; On                 ; On                 ;
; Strict RAM Replacement                                                     ; Off                ; Off                ;
; Allow Synchronous Control Signals                                          ; On                 ; On                 ;
; Force Use of Synchronous Clear Signals                                     ; Off                ; Off                ;
; Auto RAM Block Balancing                                                   ; On                 ; On                 ;
; Auto RAM to Logic Cell Conversion                                          ; Off                ; Off                ;
; Auto Resource Sharing                                                      ; Off                ; Off                ;
; Allow Any RAM Size For Recognition                                         ; Off                ; Off                ;
; Allow Any ROM Size For Recognition                                         ; Off                ; Off                ;
; Allow Any Shift Register Size For Recognition                              ; Off                ; Off                ;
; Use LogicLock Constraints during Resource Balancing                        ; On                 ; On                 ;
; Ignore translate_off and synthesis_off directives                          ; Off                ; Off                ;
; Timing-Driven Synthesis                                                    ; On                 ; On                 ;
; Report Parameter Settings                                                  ; On                 ; On                 ;
; Report Source Assignments                                                  ; On                 ; On                 ;
; Report Connectivity Checks                                                 ; On                 ; On                 ;
; Ignore Maximum Fan-Out Assignments                                         ; Off                ; Off                ;
; Synchronization Register Chain Length                                      ; 2                  ; 2                  ;
; PowerPlay Power Optimization                                               ; Normal compilation ; Normal compilation ;
; HDL message level                                                          ; Level2             ; Level2             ;
; Suppress Register Optimization Related Messages                            ; Off                ; Off                ;
; Number of Removed Registers Reported in Synthesis Report                   ; 5000               ; 5000               ;
; Number of Swept Nodes Reported in Synthesis Report                         ; 5000               ; 5000               ;
; Number of Inverted Registers Reported in Synthesis Report                  ; 100                ; 100                ;
; Clock MUX Protection                                                       ; On                 ; On                 ;
; Auto Gated Clock Conversion                                                ; Off                ; Off                ;
; Block Design Naming                                                        ; Auto               ; Auto               ;
; SDC constraint protection                                                  ; Off                ; Off                ;
; Synthesis Effort                                                           ; Auto               ; Auto               ;
; Shift Register Replacement - Allow Asynchronous Clear Signal               ; On                 ; On                 ;
; Pre-Mapping Resynthesis Optimization                                       ; Off                ; Off                ;
; Analysis & Synthesis Message Level                                         ; Medium             ; Medium             ;
; Disable Register Merging Across Hierarchies                                ; Auto               ; Auto               ;
; Resource Aware Inference For Block RAM                                     ; On                 ; On                 ;
; Synthesis Seed                                                             ; 1                  ; 1                  ;
+----------------------------------------------------------------------------+--------------------+--------------------+


Parallel compilation was disabled, but you have multiple processors available. Enable parallel compilation to reduce compilation time.
+-------------------------------------+
; Parallel Compilation                ;
+----------------------------+--------+
; Processors                 ; Number ;
+----------------------------+--------+
; Number detected on machine ; 12     ;
; Maximum allowed            ; 1      ;
+----------------------------+--------+


+----------------------------------------------------------------------------------------------------------------------------------------------+
; Analysis & Synthesis Source Files Read                                                                                                       ;
+----------------------------------+-----------------+-----------------------+-------------------------------------------------------+---------+
; File Name with User-Entered Path ; Used in Netlist ; File Type             ; File Name with Absolute Path                          ; Library ;
+----------------------------------+-----------------+-----------------------+-------------------------------------------------------+---------+
; shiftrows.vhd                    ; yes             ; User VHDL File        ; C:/Users/Arthur/Documents/designs/AES/shiftrows.vhd   ;         ;
; mixcolumns.vhd                   ; yes             ; User VHDL File        ; C:/Users/Arthur/Documents/designs/AES/mixcolumns.vhd  ;         ;
; key.vhd                          ; yes             ; User VHDL File        ; C:/Users/Arthur/Documents/designs/AES/key.vhd         ;         ;
; fsm.vhd                          ; yes             ; User VHDL File        ; C:/Users/Arthur/Documents/designs/AES/fsm.vhd         ;         ;
; aes.vhd                          ; yes             ; Auto-Found VHDL File  ; C:/Users/Arthur/Documents/designs/AES/aes.vhd         ;         ;
; addroundkey.vhd                  ; yes             ; Auto-Found VHDL File  ; C:/Users/Arthur/Documents/designs/AES/addroundkey.vhd ;         ;
; subbytes.vhd                     ; yes             ; Auto-Found VHDL File  ; C:/Users/Arthur/Documents/designs/AES/subbytes.vhd    ;         ;
; sbox.vhd                         ; yes             ; Auto-Found VHDL File  ; C:/Users/Arthur/Documents/designs/AES/sbox.vhd        ;         ;
+----------------------------------+-----------------+-----------------------+-------------------------------------------------------+---------+


+-----------------------------------------------------------+
; Analysis & Synthesis Resource Usage Summary               ;
+---------------------------------------------+-------------+
; Resource                                    ; Usage       ;
+---------------------------------------------+-------------+
; Estimated Total logic elements              ; 4,127       ;
;                                             ;             ;
; Total combinational functions               ; 4126        ;
; Logic element usage by number of LUT inputs ;             ;
;     -- 4 input functions                    ; 3691        ;
;     -- 3 input functions                    ; 183         ;
;     -- <=2 input functions                  ; 252         ;
;                                             ;             ;
; Logic elements by mode                      ;             ;
;     -- normal mode                          ; 4126        ;
;     -- arithmetic mode                      ; 0           ;
;                                             ;             ;
; Total registers                             ; 521         ;
;     -- Dedicated logic registers            ; 521         ;
;     -- I/O registers                        ; 0           ;
;                                             ;             ;
; I/O pins                                    ; 130         ;
; Embedded Multiplier 9-bit elements          ; 0           ;
; Maximum fan-out node                        ; reset~input ;
; Maximum fan-out                             ; 525         ;
; Total fan-out                               ; 18019       ;
; Average fan-out                             ; 3.67        ;
+---------------------------------------------+-------------+


+------------------------------------------------------------------------------------------------------------------------------------------------------------------------------------+
; Analysis & Synthesis Resource Utilization by Entity                                                                                                                                ;
+----------------------------+-------------------+--------------+-------------+--------------+---------+-----------+------+--------------+----------------------------+--------------+
; Compilation Hierarchy Node ; LC Combinationals ; LC Registers ; Memory Bits ; DSP Elements ; DSP 9x9 ; DSP 18x18 ; Pins ; Virtual Pins ; Full Hierarchy Name        ; Library Name ;
+----------------------------+-------------------+--------------+-------------+--------------+---------+-----------+------+--------------+----------------------------+--------------+
; |aes                       ; 4126 (141)        ; 521 (1)      ; 0           ; 0            ; 0       ; 0         ; 130  ; 0            ; |aes                       ;              ;
;    |addRoundKey:ARK2|      ; 132 (132)         ; 128 (128)    ; 0           ; 0            ; 0       ; 0         ; 0    ; 0            ; |aes|addRoundKey:ARK2      ;              ;
;    |addRoundKey:ARK|       ; 1 (1)             ; 1 (1)        ; 0           ; 0            ; 0       ; 0         ; 0    ; 0            ; |aes|addRoundKey:ARK       ;              ;
;    |fsm:SM|                ; 44 (44)           ; 7 (7)        ; 0           ; 0            ; 0       ; 0         ; 0    ; 0            ; |aes|fsm:SM                ;              ;
;    |key:KEYS|              ; 110 (110)         ; 0 (0)        ; 0           ; 0            ; 0       ; 0         ; 0    ; 0            ; |aes|key:KEYS              ;              ;
;    |mixcolumns:MC|         ; 229 (229)         ; 128 (128)    ; 0           ; 0            ; 0       ; 0         ; 0    ; 0            ; |aes|mixcolumns:MC         ;              ;
;    |shiftrows:SR|          ; 129 (129)         ; 128 (128)    ; 0           ; 0            ; 0       ; 0         ; 0    ; 0            ; |aes|shiftrows:SR          ;              ;
;    |subBytes:SB|           ; 3340 (1)          ; 128 (128)    ; 0           ; 0            ; 0       ; 0         ; 0    ; 0            ; |aes|subBytes:SB           ;              ;
;       |sbox:sub1|          ; 3339 (3339)       ; 0 (0)        ; 0           ; 0            ; 0       ; 0         ; 0    ; 0            ; |aes|subBytes:SB|sbox:sub1 ;              ;
+----------------------------+-------------------+--------------+-------------+--------------+---------+-----------+------+--------------+----------------------------+--------------+
Note: For table entries with two numbers listed, the numbers in parentheses indicate the number of resources of the given type used by the specific entity alone. The numbers listed outside of parentheses indicate the total resources of the given type used by the specific entity and all of its sub-entities in the hierarchy.


Encoding Type:  One-Hot
+---------------------------------------------------------------------------------------+
; State Machine - |aes|fsm:SM|state                                                     ;
+----------+----------+----------+----------+----------+----------+----------+----------+
; Name     ; state.s6 ; state.s5 ; state.s4 ; state.s3 ; state.s2 ; state.s1 ; state.s0 ;
+----------+----------+----------+----------+----------+----------+----------+----------+
; state.s0 ; 0        ; 0        ; 0        ; 0        ; 0        ; 0        ; 0        ;
; state.s1 ; 0        ; 0        ; 0        ; 0        ; 0        ; 1        ; 1        ;
; state.s2 ; 0        ; 0        ; 0        ; 0        ; 1        ; 0        ; 1        ;
; state.s3 ; 0        ; 0        ; 0        ; 1        ; 0        ; 0        ; 1        ;
; state.s4 ; 0        ; 0        ; 1        ; 0        ; 0        ; 0        ; 1        ;
; state.s5 ; 0        ; 1        ; 0        ; 0        ; 0        ; 0        ; 1        ;
; state.s6 ; 1        ; 0        ; 0        ; 0        ; 0        ; 0        ; 1        ;
+----------+----------+----------+----------+----------+----------+----------+----------+


+----------------------------------------------------------------------------------------------------+
; User-Specified and Inferred Latches                                                                ;
+-----------------------------------------------------+---------------------+------------------------+
; Latch Name                                          ; Latch Enable Signal ; Free of Timing Hazards ;
+-----------------------------------------------------+---------------------+------------------------+
; fsm:SM|selRound                                     ; fsm:SM|Selector26   ; yes                    ;
; fsm:SM|selKey[0]                                    ; fsm:SM|WideOr7      ; yes                    ;
; fsm:SM|selKey[1]                                    ; fsm:SM|WideOr7      ; yes                    ;
; fsm:SM|selKey[2]                                    ; fsm:SM|WideOr7      ; yes                    ;
; fsm:SM|selKey[3]                                    ; fsm:SM|WideOr7      ; yes                    ;
; fsm:SM|enRegADR2                                    ; fsm:SM|WideOr11     ; yes                    ;
; fsm:SM|enRegMix                                     ; fsm:SM|WideOr10     ; yes                    ;
; fsm:SM|enRegSR                                      ; fsm:SM|WideOr7      ; yes                    ;
; fsm:SM|c[3]                                         ; fsm:SM|WideOr9      ; yes                    ;
; fsm:SM|c[1]                                         ; fsm:SM|WideOr9      ; yes                    ;
; fsm:SM|c[2]                                         ; fsm:SM|WideOr9      ; yes                    ;
; fsm:SM|c[0]                                         ; fsm:SM|WideOr9      ; yes                    ;
; fsm:SM|selInicio                                    ; fsm:SM|WideOr6      ; yes                    ;
; fsm:SM|enRegSub                                     ; fsm:SM|WideOr9      ; yes                    ;
; fsm:SM|enRegADR                                     ; fsm:SM|WideOr8      ; yes                    ;
; Number of user-specified and inferred latches = 15  ;                     ;                        ;
+-----------------------------------------------------+---------------------+------------------------+
Note: All latches listed above may not be present at the end of synthesis due to various synthesis optimizations.


+--------------------------------------------------------------------------------------------------------------------------------------------------------------------------------------------------------------------------------------------+
; Registers Removed During Synthesis                                                                                                                                                                                                         ;
+-------------------------------------------------------------------------------------------------------------------------------------------------------------------------------------------+------------------------------------------------+
; Register name                                                                                                                                                                             ; Reason for Removal                             ;
+-------------------------------------------------------------------------------------------------------------------------------------------------------------------------------------------+------------------------------------------------+
; reg_keyIni[0,1,6..10,12..14,16,19,20,22,24,27,29..31,36,37,39,41,43,45..48,50,51,53,57,59,61..63,68,69,75,80,84,86,88,95,97,98,100..103,106,108,110,112..114,116,118,119,122,124,126,127] ; Stuck at GND due to stuck port data_in         ;
; reg_plainText[0,1,3,6..8,10..12,14,17,20..22,24..26,28,30,35..42,45,46,48..51,54..56,59,67,70,71,73..75,78..80,82,85,87,90..93,95..100,105..107,110..114,116..118,120,122,123,126,127]    ; Stuck at GND due to stuck port data_in         ;
; reg_plainText[2,4,5,9,13,15,16,18,19,23,27,29,31..34,43,44,47,52,53,57,58,60..66,68,69,72,76,77,81,83,84,86,88,89,94,101..104,108,109,115,119,121,124,125]                                ; Merged with reg_keyIni[2]                      ;
; reg_keyIni[3..5,11,15,17,18,21,23,25,26,28,32..35,38,40,42,44,49,52,54..56,58,60,64..67,70..74,76..79,81..83,85,87,89..94,96,99,104,105,107,109,111,115,117,120,121,123,125]              ; Merged with reg_keyIni[2]                      ;
; addRoundKey:ARK|outAddRoundKey[8,12,20,24,36,48,80,100,112,116,127]                                                                                                                       ; Merged with addRoundKey:ARK|outAddRoundKey[0]  ;
; addRoundKey:ARK|outAddRoundKey[7,37,39,41,45,51,59,75,95,97]                                                                                                                              ; Merged with addRoundKey:ARK|outAddRoundKey[1]  ;
; addRoundKey:ARK|outAddRoundKey[14,22,30,46,110,118,126]                                                                                                                                   ; Merged with addRoundKey:ARK|outAddRoundKey[6]  ;
; addRoundKey:ARK|outAddRoundKey[50,98,106,114,122]                                                                                                                                         ; Merged with addRoundKey:ARK|outAddRoundKey[10] ;
; addRoundKey:ARK|outAddRoundKey[10]                                                                                                                                                        ; Merged with addRoundKey:ARK|outAddRoundKey[0]  ;
; addRoundKey:ARK|outAddRoundKey[34,60,77,94]                                                                                                                                               ; Merged with addRoundKey:ARK|outAddRoundKey[2]  ;
; addRoundKey:ARK|outAddRoundKey[9,11,17,19,26,28,31,35,40,43,47,54,56,61,63,67,69,71,73,78,85,87,91,93,96,101,103,105,108,111,119,124]                                                     ; Merged with addRoundKey:ARK|outAddRoundKey[3]  ;
; addRoundKey:ARK|outAddRoundKey[32,44,66,104,109]                                                                                                                                          ; Merged with addRoundKey:ARK|outAddRoundKey[4]  ;
; addRoundKey:ARK|outAddRoundKey[15,23,33,52,58,65,76,81,83,89,115,121]                                                                                                                     ; Merged with addRoundKey:ARK|outAddRoundKey[5]  ;
; addRoundKey:ARK|outAddRoundKey[113]                                                                                                                                                       ; Merged with addRoundKey:ARK|outAddRoundKey[6]  ;
; addRoundKey:ARK|outAddRoundKey[25,49,68,86,107,120]                                                                                                                                       ; Merged with addRoundKey:ARK|outAddRoundKey[13] ;
; addRoundKey:ARK|outAddRoundKey[21,27,38,53,57,62,70,74,79,84,88,92,99,117,123]                                                                                                            ; Merged with addRoundKey:ARK|outAddRoundKey[16] ;
; addRoundKey:ARK|outAddRoundKey[64,72,125]                                                                                                                                                 ; Merged with addRoundKey:ARK|outAddRoundKey[18] ;
; addRoundKey:ARK|outAddRoundKey[42,55,82,90,102]                                                                                                                                           ; Merged with addRoundKey:ARK|outAddRoundKey[29] ;
; addRoundKey:ARK|outAddRoundKey[4]                                                                                                                                                         ; Merged with addRoundKey:ARK|outAddRoundKey[0]  ;
; addRoundKey:ARK|outAddRoundKey[5,18]                                                                                                                                                      ; Merged with addRoundKey:ARK|outAddRoundKey[1]  ;
; addRoundKey:ARK|outAddRoundKey[6]                                                                                                                                                         ; Merged with addRoundKey:ARK|outAddRoundKey[2]  ;
; addRoundKey:ARK|outAddRoundKey[13]                                                                                                                                                        ; Merged with addRoundKey:ARK|outAddRoundKey[3]  ;
; addRoundKey:ARK|outAddRoundKey[1,2]                                                                                                                                                       ; Merged with addRoundKey:ARK|outAddRoundKey[0]  ;
; addRoundKey:ARK|outAddRoundKey[3,29]                                                                                                                                                      ; Merged with addRoundKey:ARK|outAddRoundKey[16] ;
; addRoundKey:ARK|outAddRoundKey[0]                                                                                                                                                         ; Stuck at GND due to stuck port data_in         ;
; Total Number of Removed Registers = 382                                                                                                                                                   ;                                                ;
+-------------------------------------------------------------------------------------------------------------------------------------------------------------------------------------------+------------------------------------------------+


+------------------------------------------------------------------------------------+
; Removed Registers Triggering Further Register Optimizations                        ;
+---------------+---------------------------+----------------------------------------+
; Register name ; Reason for Removal        ; Registers Removed due to This Register ;
+---------------+---------------------------+----------------------------------------+
; reg_keyIni[0] ; Stuck at GND              ; addRoundKey:ARK|outAddRoundKey[0]      ;
;               ; due to stuck port data_in ;                                        ;
+---------------+---------------------------+----------------------------------------+


+------------------------------------------------------+
; General Register Statistics                          ;
+----------------------------------------------+-------+
; Statistic                                    ; Value ;
+----------------------------------------------+-------+
; Total registers                              ; 521   ;
; Number of registers using Synchronous Clear  ; 385   ;
; Number of registers using Synchronous Load   ; 0     ;
; Number of registers using Asynchronous Clear ; 7     ;
; Number of registers using Asynchronous Load  ; 0     ;
; Number of registers using Clock Enable       ; 512   ;
; Number of registers using Preset             ; 0     ;
+----------------------------------------------+-------+


+--------------------------------------------------------------------------------------------------------------------------------------------------------+
; Multiplexer Restructuring Statistics (Restructuring Performed)                                                                                         ;
+--------------------+-----------+---------------+----------------------+------------------------+------------+------------------------------------------+
; Multiplexer Inputs ; Bus Width ; Baseline Area ; Area if Restructured ; Saving if Restructured ; Registered ; Example Multiplexer Output               ;
+--------------------+-----------+---------------+----------------------+------------------------+------------+------------------------------------------+
; 3:1                ; 128 bits  ; 256 LEs       ; 128 LEs              ; 128 LEs                ; Yes        ; |aes|addRoundKey:ARK2|outAddRoundKey[36] ;
; 3:1                ; 128 bits  ; 256 LEs       ; 128 LEs              ; 128 LEs                ; Yes        ; |aes|shiftrows:SR|outShiftRows[109]      ;
; 3:1                ; 128 bits  ; 256 LEs       ; 128 LEs              ; 128 LEs                ; Yes        ; |aes|mixcolumns:MC|outMixColumns[125]    ;
; 3:1                ; 128 bits  ; 256 LEs       ; 128 LEs              ; 128 LEs                ; Yes        ; |aes|subBytes:SB|outSubBytes[43]         ;
; 3:1                ; 5 bits    ; 10 LEs        ; 10 LEs               ; 0 LEs                  ; No         ; |aes|fsm:SM|state                        ;
+--------------------+-----------+---------------+----------------------+------------------------+------------+------------------------------------------+


+---------------------------------------------------------------------+
; Parameter Settings for User Entity Instance: Top-level Entity: |aes ;
+----------------+-------+--------------------------------------------+
; Parameter Name ; Value ; Type                                       ;
+----------------+-------+--------------------------------------------+
; DATA_WIDTH_TOP ; 128   ; Signed Integer                             ;
+----------------+-------+--------------------------------------------+
Note: In order to hide this table in the UI and the text report file, please set the "Show Parameter Settings in Synthesis Report" option in "Analysis and Synthesis Settings -> More Settings" to "Off".


+--------------------------------------------------------------+
; Parameter Settings for User Entity Instance: addRoundKey:ARK ;
+----------------+-------+-------------------------------------+
; Parameter Name ; Value ; Type                                ;
+----------------+-------+-------------------------------------+
; data_width     ; 128   ; Signed Integer                      ;
+----------------+-------+-------------------------------------+
Note: In order to hide this table in the UI and the text report file, please set the "Show Parameter Settings in Synthesis Report" option in "Analysis and Synthesis Settings -> More Settings" to "Off".


+----------------------------------------------------------+
; Parameter Settings for User Entity Instance: subbytes:SB ;
+----------------+-------+---------------------------------+
; Parameter Name ; Value ; Type                            ;
+----------------+-------+---------------------------------+
; data_width     ; 128   ; Signed Integer                  ;
+----------------+-------+---------------------------------+
Note: In order to hide this table in the UI and the text report file, please set the "Show Parameter Settings in Synthesis Report" option in "Analysis and Synthesis Settings -> More Settings" to "Off".


+---------------------------------------------------------------+
; Parameter Settings for User Entity Instance: addRoundKey:ARK2 ;
+----------------+-------+--------------------------------------+
; Parameter Name ; Value ; Type                                 ;
+----------------+-------+--------------------------------------+
; data_width     ; 128   ; Signed Integer                       ;
+----------------+-------+--------------------------------------+
Note: In order to hide this table in the UI and the text report file, please set the "Show Parameter Settings in Synthesis Report" option in "Analysis and Synthesis Settings -> More Settings" to "Off".


+-------------------------------+
; Elapsed Time Per Partition    ;
+----------------+--------------+
; Partition Name ; Elapsed Time ;
+----------------+--------------+
; Top            ; 00:00:45     ;
+----------------+--------------+


+-------------------------------+
; Analysis & Synthesis Messages ;
+-------------------------------+
Info: *******************************************************************
Info: Running Quartus II 64-Bit Analysis & Synthesis
    Info: Version 13.0.0 Build 156 04/24/2013 SJ Web Edition
    Info: Processing started: Wed Oct 30 15:38:19 2019
Info: Command: quartus_map --read_settings_files=on --write_settings_files=off aes -c aes
Warning (20028): Parallel compilation is not licensed and has been disabled
Info (12021): Found 2 design units, including 1 entities, in source file shiftrows.vhd
    Info (12022): Found design unit 1: shiftrows-rtl
    Info (12023): Found entity 1: shiftrows
Info (12021): Found 2 design units, including 1 entities, in source file mixcolumns.vhd
    Info (12022): Found design unit 1: mixcolumns-rtl
    Info (12023): Found entity 1: mixcolumns
Info (12021): Found 2 design units, including 1 entities, in source file key.vhd
    Info (12022): Found design unit 1: key-behaviour
    Info (12023): Found entity 1: key
Warning (12019): Can't analyze file -- file textKey.vhd is missing
Info (12021): Found 2 design units, including 1 entities, in source file fsm.vhd
    Info (12022): Found design unit 1: fsm-rtl
    Info (12023): Found entity 1: fsm
Warning (12125): Using design file aes.vhd, which is not specified as a design file for the current project, but contains definitions for 2 design units and 1 entities in project
    Info (12022): Found design unit 1: aes-rtl
    Info (12023): Found entity 1: aes
Info (12127): Elaborating entity "aes" for the top level hierarchy
Warning (12125): Using design file addroundkey.vhd, which is not specified as a design file for the current project, but contains definitions for 2 design units and 1 entities in project
    Info (12022): Found design unit 1: addRoundKey-rtl
    Info (12023): Found entity 1: addRoundKey
Info (12128): Elaborating entity "addRoundKey" for hierarchy "addRoundKey:ARK"
Warning (12125): Using design file subbytes.vhd, which is not specified as a design file for the current project, but contains definitions for 2 design units and 1 entities in project
    Info (12022): Found design unit 1: subBytes-rtl
    Info (12023): Found entity 1: subBytes
Info (12128): Elaborating entity "subbytes" for hierarchy "subbytes:SB"
Warning (12125): Using design file sbox.vhd, which is not specified as a design file for the current project, but contains definitions for 2 design units and 1 entities in project
    Info (12022): Found design unit 1: sbox-behaviour
    Info (12023): Found entity 1: sbox
Info (12128): Elaborating entity "sbox" for hierarchy "subbytes:SB|sbox:sub1"
Info (12128): Elaborating entity "shiftrows" for hierarchy "shiftrows:SR"
Info (12128): Elaborating entity "mixcolumns" for hierarchy "mixcolumns:MC"
Info (12128): Elaborating entity "key" for hierarchy "key:KEYS"
Warning (10873): Using initial value X (don't care) for net "lut_rlps_0[0]" at key.vhd(23)
Info (12128): Elaborating entity "fsm" for hierarchy "fsm:SM"
Warning (10492): VHDL Process Statement warning at fsm.vhd(95): signal "c" is read inside the Process Statement but isn't in the Process Statement's sensitivity list
Warning (10492): VHDL Process Statement warning at fsm.vhd(97): signal "c" is read inside the Process Statement but isn't in the Process Statement's sensitivity list
Warning (10492): VHDL Process Statement warning at fsm.vhd(99): signal "c" is read inside the Process Statement but isn't in the Process Statement's sensitivity list
Warning (10492): VHDL Process Statement warning at fsm.vhd(103): signal "c" is read inside the Process Statement but isn't in the Process Statement's sensitivity list
Warning (10631): VHDL Process Statement warning at fsm.vhd(76): inferring latch(es) for signal or variable "selInicio", which holds its previous value in one or more paths through the process
Warning (10631): VHDL Process Statement warning at fsm.vhd(76): inferring latch(es) for signal or variable "selRound", which holds its previous value in one or more paths through the process
Warning (10631): VHDL Process Statement warning at fsm.vhd(76): inferring latch(es) for signal or variable "selKey", which holds its previous value in one or more paths through the process
Warning (10631): VHDL Process Statement warning at fsm.vhd(76): inferring latch(es) for signal or variable "enRegInicio", which holds its previous value in one or more paths through the process
Warning (10631): VHDL Process Statement warning at fsm.vhd(76): inferring latch(es) for signal or variable "enRegADR", which holds its previous value in one or more paths through the process
Warning (10631): VHDL Process Statement warning at fsm.vhd(76): inferring latch(es) for signal or variable "enRegSub", which holds its previous value in one or more paths through the process
Warning (10631): VHDL Process Statement warning at fsm.vhd(76): inferring latch(es) for signal or variable "enRegSR", which holds its previous value in one or more paths through the process
Warning (10631): VHDL Process Statement warning at fsm.vhd(76): inferring latch(es) for signal or variable "enRegMix", which holds its previous value in one or more paths through the process
Warning (10631): VHDL Process Statement warning at fsm.vhd(76): inferring latch(es) for signal or variable "enRegADR2", which holds its previous value in one or more paths through the process
Warning (10631): VHDL Process Statement warning at fsm.vhd(76): inferring latch(es) for signal or variable "c", which holds its previous value in one or more paths through the process
Info (10041): Inferred latch for "c[0]" at fsm.vhd(76)
Info (10041): Inferred latch for "c[1]" at fsm.vhd(76)
Info (10041): Inferred latch for "c[2]" at fsm.vhd(76)
Info (10041): Inferred latch for "c[3]" at fsm.vhd(76)
Info (10041): Inferred latch for "enRegADR2" at fsm.vhd(76)
Info (10041): Inferred latch for "enRegMix" at fsm.vhd(76)
Info (10041): Inferred latch for "enRegSR" at fsm.vhd(76)
Info (10041): Inferred latch for "enRegSub" at fsm.vhd(76)
Info (10041): Inferred latch for "enRegADR" at fsm.vhd(76)
Info (10041): Inferred latch for "enRegInicio" at fsm.vhd(76)
Info (10041): Inferred latch for "selKey[0]" at fsm.vhd(76)
Info (10041): Inferred latch for "selKey[1]" at fsm.vhd(76)
Info (10041): Inferred latch for "selKey[2]" at fsm.vhd(76)
Info (10041): Inferred latch for "selKey[3]" at fsm.vhd(76)
Info (10041): Inferred latch for "selRound" at fsm.vhd(76)
Info (10041): Inferred latch for "selInicio" at fsm.vhd(76)
Warning (13012): Latch fsm:SM|selRound has unsafe behavior
    Warning (13013): Ports D and ENA on the latch are fed by the same signal fsm:SM|state.s3
Warning (13012): Latch fsm:SM|selKey[0] has unsafe behavior
    Warning (13013): Ports D and ENA on the latch are fed by the same signal fsm:SM|state.s3
Warning (13012): Latch fsm:SM|selKey[1] has unsafe behavior
    Warning (13013): Ports D and ENA on the latch are fed by the same signal fsm:SM|state.s3
Warning (13012): Latch fsm:SM|selKey[2] has unsafe behavior
    Warning (13013): Ports D and ENA on the latch are fed by the same signal fsm:SM|state.s3
Warning (13012): Latch fsm:SM|selKey[3] has unsafe behavior
    Warning (13013): Ports D and ENA on the latch are fed by the same signal fsm:SM|state.s3
Warning (13012): Latch fsm:SM|enRegADR2 has unsafe behavior
    Warning (13013): Ports D and ENA on the latch are fed by the same signal fsm:SM|state.s5
Warning (13012): Latch fsm:SM|enRegMix has unsafe behavior
    Warning (13013): Ports D and ENA on the latch are fed by the same signal fsm:SM|state.s4
Warning (13012): Latch fsm:SM|enRegSR has unsafe behavior
    Warning (13013): Ports D and ENA on the latch are fed by the same signal fsm:SM|state.s3
Warning (13012): Latch fsm:SM|c[3] has unsafe behavior
    Warning (13013): Ports D and ENA on the latch are fed by the same signal fsm:SM|state.s2
Warning (13012): Latch fsm:SM|c[1] has unsafe behavior
    Warning (13013): Ports D and ENA on the latch are fed by the same signal fsm:SM|state.s2
Warning (13012): Latch fsm:SM|c[2] has unsafe behavior
    Warning (13013): Ports D and ENA on the latch are fed by the same signal fsm:SM|state.s2
Warning (13012): Latch fsm:SM|c[0] has unsafe behavior
    Warning (13013): Ports D and ENA on the latch are fed by the same signal fsm:SM|state.s2
Warning (13012): Latch fsm:SM|selInicio has unsafe behavior
    Warning (13013): Ports D and ENA on the latch are fed by the same signal fsm:SM|state.s4
Warning (13012): Latch fsm:SM|enRegSub has unsafe behavior
    Warning (13013): Ports D and ENA on the latch are fed by the same signal fsm:SM|state.s2
Warning (13012): Latch fsm:SM|enRegADR has unsafe behavior
    Warning (13013): Ports D and ENA on the latch are fed by the same signal fsm:SM|state.s1
Info (286030): Timing-Driven Synthesis is running
Info (16010): Generating hard_block partition "hard_block:auto_generated_inst"
    Info (16011): Adding 0 node(s), including 0 DDIO, 0 PLL, 0 transceiver and 0 LCELL
Info (21057): Implemented 4257 device resources after synthesis - the final resource count might be different
    Info (21058): Implemented 2 input pins
    Info (21059): Implemented 128 output pins
    Info (21061): Implemented 4127 logic cells
Info: Quartus II 64-Bit Analysis & Synthesis was successful. 0 errors, 51 warnings
    Info: Peak virtual memory: 4636 megabytes
    Info: Processing ended: Wed Oct 30 15:39:07 2019
    Info: Elapsed time: 00:00:48
    Info: Total CPU time (on all processors): 00:00:47


