------------------------------------------------------------
TimeQuest Timing Analyzer Summary
------------------------------------------------------------

Type  : Slow 1200mV 85C Model Setup 'clock'
Slack : 0.021
TNS   : 0.000

Type  : Slow 1200mV 85C Model Hold 'clock'
Slack : 0.358
TNS   : 0.000

Type  : Slow 1200mV 85C Model Recovery 'clock'
Slack : 2.477
TNS   : 0.000

Type  : Slow 1200mV 85C Model Removal 'clock'
Slack : 1.572
TNS   : 0.000

Type  : Slow 1200mV 85C Model Minimum Pulse Width 'clock'
Slack : 1.000
TNS   : 0.000

Type  : Slow 1200mV 0C Model Setup 'clock'
Slack : 0.323
TNS   : 0.000

Type  : Slow 1200mV 0C Model Hold 'clock'
Slack : 0.312
TNS   : 0.000

Type  : Slow 1200mV 0C Model Recovery 'clock'
Slack : 2.786
TNS   : 0.000

Type  : Slow 1200mV 0C Model Removal 'clock'
Slack : 1.404
TNS   : 0.000

Type  : Slow 1200mV 0C Model Minimum Pulse Width 'clock'
Slack : 1.000
TNS   : 0.000

Type  : Fast 1200mV 0C Model Setup 'clock'
Slack : 1.977
TNS   : 0.000

Type  : Fast 1200mV 0C Model Hold 'clock'
Slack : 0.185
TNS   : 0.000

Type  : Fast 1200mV 0C Model Recovery 'clock'
Slack : 3.165
TNS   : 0.000

Type  : Fast 1200mV 0C Model Removal 'clock'
Slack : 0.903
TNS   : 0.000

Type  : Fast 1200mV 0C Model Minimum Pulse Width 'clock'
Slack : 1.000
TNS   : 0.000

------------------------------------------------------------
