Simulator report for aes
Mon Sep 16 00:03:56 2019
Quartus II 64-Bit Version 13.0.0 Build 156 04/24/2013 SJ Web Edition


---------------------
; Table of Contents ;
---------------------
  1. Legal Notice
  2. Simulator Summary
  3. Simulator Settings
  4. Simulation Waveforms
  5. Coverage Summary
  6. Complete 1/0-Value Coverage
  7. Missing 1-Value Coverage
  8. Missing 0-Value Coverage
  9. Simulator INI Usage
 10. Simulator Messages



----------------
; Legal Notice ;
----------------
Copyright (C) 1991-2013 Altera Corporation
Your use of Altera Corporation's design tools, logic functions 
and other software and tools, and its AMPP partner logic 
functions, and any output files from any of the foregoing 
(including device programming or simulation files), and any 
associated documentation or information are expressly subject 
to the terms and conditions of the Altera Program License 
Subscription Agreement, Altera MegaCore Function License 
Agreement, or other applicable license agreement, including, 
without limitation, that your use is for the sole purpose of 
programming logic devices manufactured by Altera and sold by 
Altera or its authorized distributors.  Please refer to the 
applicable agreement for further details.



+--------------------------------------------+
; Simulator Summary                          ;
+-----------------------------+--------------+
; Type                        ; Value        ;
+-----------------------------+--------------+
; Simulation Start Time       ; 0 ps         ;
; Simulation End Time         ; 1.0 us       ;
; Simulation Netlist Size     ; 641 nodes    ;
; Simulation Coverage         ;       0.00 % ;
; Total Number of Transitions ; 24           ;
; Simulation Breakpoints      ; 0            ;
; Family                      ; Cyclone III  ;
+-----------------------------+--------------+


+-----------------------------------------------------------------------------------------------------------------------------------------------------------------------------------------------------------------+
; Simulator Settings                                                                                                                                                                                              ;
+--------------------------------------------------------------------------------------------+----------------------------------------------------------------------------------------------------+---------------+
; Option                                                                                     ; Setting                                                                                            ; Default Value ;
+--------------------------------------------------------------------------------------------+----------------------------------------------------------------------------------------------------+---------------+
; Simulation mode                                                                            ; Functional                                                                                         ; Timing        ;
; Start time                                                                                 ; 0 ns                                                                                               ; 0 ns          ;
; Simulation results format                                                                  ; VWF                                                                                                ;               ;
; Vector input source                                                                        ; C:/Users/Arthur/Desktop/aes/git1/Hardware-Implementation-of-AES-VHDL/AES-128-Bit-VHDL/Waveform.vwf ;               ;
; Add pins automatically to simulation output waveforms                                      ; On                                                                                                 ; On            ;
; Check outputs                                                                              ; Off                                                                                                ; Off           ;
; Report simulation coverage                                                                 ; On                                                                                                 ; On            ;
; Display complete 1/0 value coverage report                                                 ; On                                                                                                 ; On            ;
; Display missing 1-value coverage report                                                    ; On                                                                                                 ; On            ;
; Display missing 0-value coverage report                                                    ; On                                                                                                 ; On            ;
; Detect setup and hold time violations                                                      ; Off                                                                                                ; Off           ;
; Detect glitches                                                                            ; Off                                                                                                ; Off           ;
; Disable timing delays in Timing Simulation                                                 ; Off                                                                                                ; Off           ;
; Generate Signal Activity File                                                              ; Off                                                                                                ; Off           ;
; Generate VCD File for PowerPlay Power Analyzer                                             ; Off                                                                                                ; Off           ;
; Group bus channels in simulation results                                                   ; Off                                                                                                ; Off           ;
; Preserve fewer signal transitions to reduce memory requirements                            ; On                                                                                                 ; On            ;
; Trigger vector comparison with the specified mode                                          ; INPUT_EDGE                                                                                         ; INPUT_EDGE    ;
; Disable setup and hold time violations detection in input registers of bi-directional pins ; Off                                                                                                ; Off           ;
; Overwrite Waveform Inputs With Simulation Outputs                                          ; Off                                                                                                ;               ;
; Perform Glitch Filtering in Timing Simulation                                              ; Auto                                                                                               ; Auto          ;
; Interconnect Delay Model Type                                                              ; Transport                                                                                          ; Transport     ;
; Cell Delay Model Type                                                                      ; Transport                                                                                          ; Transport     ;
+--------------------------------------------------------------------------------------------+----------------------------------------------------------------------------------------------------+---------------+


+----------------------+
; Simulation Waveforms ;
+----------------------+
Waveform report data cannot be output to ASCII.
Please use Quartus II 64-Bit to view the waveform report data.


+--------------------------------------------------------------------+
; Coverage Summary                                                   ;
+-----------------------------------------------------+--------------+
; Type                                                ; Value        ;
+-----------------------------------------------------+--------------+
; Total coverage as a percentage                      ;       0.00 % ;
; Total nodes checked                                 ; 641          ;
; Total output ports checked                          ; 256          ;
; Total output ports with complete 1/0-value coverage ; 0            ;
; Total output ports with no 1/0-value coverage       ; 256          ;
; Total output ports with no 1-value coverage         ; 256          ;
; Total output ports with no 0-value coverage         ; 256          ;
+-----------------------------------------------------+--------------+


The following table displays output ports that toggle between 1 and 0 during simulation.
+-------------------------------------------------+
; Complete 1/0-Value Coverage                     ;
+-----------+------------------+------------------+
; Node Name ; Output Port Name ; Output Port Type ;
+-----------+------------------+------------------+


The following table displays output ports that do not toggle to 1 during simulation.
+------------------------------------------------------------------------+
; Missing 1-Value Coverage                                               ;
+--------------------------+--------------------------+------------------+
; Node Name                ; Output Port Name         ; Output Port Type ;
+--------------------------+--------------------------+------------------+
; |aes|outAddRoundKey[0]   ; |aes|outAddRoundKey[0]   ; pin_out          ;
; |aes|outAddRoundKey[1]   ; |aes|outAddRoundKey[1]   ; pin_out          ;
; |aes|outAddRoundKey[2]   ; |aes|outAddRoundKey[2]   ; pin_out          ;
; |aes|outAddRoundKey[3]   ; |aes|outAddRoundKey[3]   ; pin_out          ;
; |aes|outAddRoundKey[4]   ; |aes|outAddRoundKey[4]   ; pin_out          ;
; |aes|outAddRoundKey[5]   ; |aes|outAddRoundKey[5]   ; pin_out          ;
; |aes|outAddRoundKey[6]   ; |aes|outAddRoundKey[6]   ; pin_out          ;
; |aes|outAddRoundKey[7]   ; |aes|outAddRoundKey[7]   ; pin_out          ;
; |aes|outAddRoundKey[8]   ; |aes|outAddRoundKey[8]   ; pin_out          ;
; |aes|outAddRoundKey[9]   ; |aes|outAddRoundKey[9]   ; pin_out          ;
; |aes|outAddRoundKey[10]  ; |aes|outAddRoundKey[10]  ; pin_out          ;
; |aes|outAddRoundKey[11]  ; |aes|outAddRoundKey[11]  ; pin_out          ;
; |aes|outAddRoundKey[12]  ; |aes|outAddRoundKey[12]  ; pin_out          ;
; |aes|outAddRoundKey[13]  ; |aes|outAddRoundKey[13]  ; pin_out          ;
; |aes|outAddRoundKey[14]  ; |aes|outAddRoundKey[14]  ; pin_out          ;
; |aes|outAddRoundKey[15]  ; |aes|outAddRoundKey[15]  ; pin_out          ;
; |aes|outAddRoundKey[16]  ; |aes|outAddRoundKey[16]  ; pin_out          ;
; |aes|outAddRoundKey[17]  ; |aes|outAddRoundKey[17]  ; pin_out          ;
; |aes|outAddRoundKey[18]  ; |aes|outAddRoundKey[18]  ; pin_out          ;
; |aes|outAddRoundKey[19]  ; |aes|outAddRoundKey[19]  ; pin_out          ;
; |aes|outAddRoundKey[20]  ; |aes|outAddRoundKey[20]  ; pin_out          ;
; |aes|outAddRoundKey[21]  ; |aes|outAddRoundKey[21]  ; pin_out          ;
; |aes|outAddRoundKey[22]  ; |aes|outAddRoundKey[22]  ; pin_out          ;
; |aes|outAddRoundKey[23]  ; |aes|outAddRoundKey[23]  ; pin_out          ;
; |aes|outAddRoundKey[24]  ; |aes|outAddRoundKey[24]  ; pin_out          ;
; |aes|outAddRoundKey[25]  ; |aes|outAddRoundKey[25]  ; pin_out          ;
; |aes|outAddRoundKey[26]  ; |aes|outAddRoundKey[26]  ; pin_out          ;
; |aes|outAddRoundKey[27]  ; |aes|outAddRoundKey[27]  ; pin_out          ;
; |aes|outAddRoundKey[28]  ; |aes|outAddRoundKey[28]  ; pin_out          ;
; |aes|outAddRoundKey[29]  ; |aes|outAddRoundKey[29]  ; pin_out          ;
; |aes|outAddRoundKey[30]  ; |aes|outAddRoundKey[30]  ; pin_out          ;
; |aes|outAddRoundKey[31]  ; |aes|outAddRoundKey[31]  ; pin_out          ;
; |aes|outAddRoundKey[32]  ; |aes|outAddRoundKey[32]  ; pin_out          ;
; |aes|outAddRoundKey[33]  ; |aes|outAddRoundKey[33]  ; pin_out          ;
; |aes|outAddRoundKey[34]  ; |aes|outAddRoundKey[34]  ; pin_out          ;
; |aes|outAddRoundKey[35]  ; |aes|outAddRoundKey[35]  ; pin_out          ;
; |aes|outAddRoundKey[36]  ; |aes|outAddRoundKey[36]  ; pin_out          ;
; |aes|outAddRoundKey[37]  ; |aes|outAddRoundKey[37]  ; pin_out          ;
; |aes|outAddRoundKey[38]  ; |aes|outAddRoundKey[38]  ; pin_out          ;
; |aes|outAddRoundKey[39]  ; |aes|outAddRoundKey[39]  ; pin_out          ;
; |aes|outAddRoundKey[40]  ; |aes|outAddRoundKey[40]  ; pin_out          ;
; |aes|outAddRoundKey[41]  ; |aes|outAddRoundKey[41]  ; pin_out          ;
; |aes|outAddRoundKey[42]  ; |aes|outAddRoundKey[42]  ; pin_out          ;
; |aes|outAddRoundKey[43]  ; |aes|outAddRoundKey[43]  ; pin_out          ;
; |aes|outAddRoundKey[44]  ; |aes|outAddRoundKey[44]  ; pin_out          ;
; |aes|outAddRoundKey[45]  ; |aes|outAddRoundKey[45]  ; pin_out          ;
; |aes|outAddRoundKey[46]  ; |aes|outAddRoundKey[46]  ; pin_out          ;
; |aes|outAddRoundKey[47]  ; |aes|outAddRoundKey[47]  ; pin_out          ;
; |aes|outAddRoundKey[48]  ; |aes|outAddRoundKey[48]  ; pin_out          ;
; |aes|outAddRoundKey[49]  ; |aes|outAddRoundKey[49]  ; pin_out          ;
; |aes|outAddRoundKey[50]  ; |aes|outAddRoundKey[50]  ; pin_out          ;
; |aes|outAddRoundKey[51]  ; |aes|outAddRoundKey[51]  ; pin_out          ;
; |aes|outAddRoundKey[52]  ; |aes|outAddRoundKey[52]  ; pin_out          ;
; |aes|outAddRoundKey[53]  ; |aes|outAddRoundKey[53]  ; pin_out          ;
; |aes|outAddRoundKey[54]  ; |aes|outAddRoundKey[54]  ; pin_out          ;
; |aes|outAddRoundKey[55]  ; |aes|outAddRoundKey[55]  ; pin_out          ;
; |aes|outAddRoundKey[56]  ; |aes|outAddRoundKey[56]  ; pin_out          ;
; |aes|outAddRoundKey[57]  ; |aes|outAddRoundKey[57]  ; pin_out          ;
; |aes|outAddRoundKey[58]  ; |aes|outAddRoundKey[58]  ; pin_out          ;
; |aes|outAddRoundKey[59]  ; |aes|outAddRoundKey[59]  ; pin_out          ;
; |aes|outAddRoundKey[60]  ; |aes|outAddRoundKey[60]  ; pin_out          ;
; |aes|outAddRoundKey[61]  ; |aes|outAddRoundKey[61]  ; pin_out          ;
; |aes|outAddRoundKey[62]  ; |aes|outAddRoundKey[62]  ; pin_out          ;
; |aes|outAddRoundKey[63]  ; |aes|outAddRoundKey[63]  ; pin_out          ;
; |aes|outAddRoundKey[64]  ; |aes|outAddRoundKey[64]  ; pin_out          ;
; |aes|outAddRoundKey[65]  ; |aes|outAddRoundKey[65]  ; pin_out          ;
; |aes|outAddRoundKey[66]  ; |aes|outAddRoundKey[66]  ; pin_out          ;
; |aes|outAddRoundKey[67]  ; |aes|outAddRoundKey[67]  ; pin_out          ;
; |aes|outAddRoundKey[68]  ; |aes|outAddRoundKey[68]  ; pin_out          ;
; |aes|outAddRoundKey[69]  ; |aes|outAddRoundKey[69]  ; pin_out          ;
; |aes|outAddRoundKey[70]  ; |aes|outAddRoundKey[70]  ; pin_out          ;
; |aes|outAddRoundKey[71]  ; |aes|outAddRoundKey[71]  ; pin_out          ;
; |aes|outAddRoundKey[72]  ; |aes|outAddRoundKey[72]  ; pin_out          ;
; |aes|outAddRoundKey[73]  ; |aes|outAddRoundKey[73]  ; pin_out          ;
; |aes|outAddRoundKey[74]  ; |aes|outAddRoundKey[74]  ; pin_out          ;
; |aes|outAddRoundKey[75]  ; |aes|outAddRoundKey[75]  ; pin_out          ;
; |aes|outAddRoundKey[76]  ; |aes|outAddRoundKey[76]  ; pin_out          ;
; |aes|outAddRoundKey[77]  ; |aes|outAddRoundKey[77]  ; pin_out          ;
; |aes|outAddRoundKey[78]  ; |aes|outAddRoundKey[78]  ; pin_out          ;
; |aes|outAddRoundKey[79]  ; |aes|outAddRoundKey[79]  ; pin_out          ;
; |aes|outAddRoundKey[80]  ; |aes|outAddRoundKey[80]  ; pin_out          ;
; |aes|outAddRoundKey[81]  ; |aes|outAddRoundKey[81]  ; pin_out          ;
; |aes|outAddRoundKey[82]  ; |aes|outAddRoundKey[82]  ; pin_out          ;
; |aes|outAddRoundKey[83]  ; |aes|outAddRoundKey[83]  ; pin_out          ;
; |aes|outAddRoundKey[84]  ; |aes|outAddRoundKey[84]  ; pin_out          ;
; |aes|outAddRoundKey[85]  ; |aes|outAddRoundKey[85]  ; pin_out          ;
; |aes|outAddRoundKey[86]  ; |aes|outAddRoundKey[86]  ; pin_out          ;
; |aes|outAddRoundKey[87]  ; |aes|outAddRoundKey[87]  ; pin_out          ;
; |aes|outAddRoundKey[88]  ; |aes|outAddRoundKey[88]  ; pin_out          ;
; |aes|outAddRoundKey[89]  ; |aes|outAddRoundKey[89]  ; pin_out          ;
; |aes|outAddRoundKey[90]  ; |aes|outAddRoundKey[90]  ; pin_out          ;
; |aes|outAddRoundKey[91]  ; |aes|outAddRoundKey[91]  ; pin_out          ;
; |aes|outAddRoundKey[92]  ; |aes|outAddRoundKey[92]  ; pin_out          ;
; |aes|outAddRoundKey[93]  ; |aes|outAddRoundKey[93]  ; pin_out          ;
; |aes|outAddRoundKey[94]  ; |aes|outAddRoundKey[94]  ; pin_out          ;
; |aes|outAddRoundKey[95]  ; |aes|outAddRoundKey[95]  ; pin_out          ;
; |aes|outAddRoundKey[96]  ; |aes|outAddRoundKey[96]  ; pin_out          ;
; |aes|outAddRoundKey[97]  ; |aes|outAddRoundKey[97]  ; pin_out          ;
; |aes|outAddRoundKey[98]  ; |aes|outAddRoundKey[98]  ; pin_out          ;
; |aes|outAddRoundKey[99]  ; |aes|outAddRoundKey[99]  ; pin_out          ;
; |aes|outAddRoundKey[100] ; |aes|outAddRoundKey[100] ; pin_out          ;
; |aes|outAddRoundKey[101] ; |aes|outAddRoundKey[101] ; pin_out          ;
; |aes|outAddRoundKey[102] ; |aes|outAddRoundKey[102] ; pin_out          ;
; |aes|outAddRoundKey[103] ; |aes|outAddRoundKey[103] ; pin_out          ;
; |aes|outAddRoundKey[104] ; |aes|outAddRoundKey[104] ; pin_out          ;
; |aes|outAddRoundKey[105] ; |aes|outAddRoundKey[105] ; pin_out          ;
; |aes|outAddRoundKey[106] ; |aes|outAddRoundKey[106] ; pin_out          ;
; |aes|outAddRoundKey[107] ; |aes|outAddRoundKey[107] ; pin_out          ;
; |aes|outAddRoundKey[108] ; |aes|outAddRoundKey[108] ; pin_out          ;
; |aes|outAddRoundKey[109] ; |aes|outAddRoundKey[109] ; pin_out          ;
; |aes|outAddRoundKey[110] ; |aes|outAddRoundKey[110] ; pin_out          ;
; |aes|outAddRoundKey[111] ; |aes|outAddRoundKey[111] ; pin_out          ;
; |aes|outAddRoundKey[112] ; |aes|outAddRoundKey[112] ; pin_out          ;
; |aes|outAddRoundKey[113] ; |aes|outAddRoundKey[113] ; pin_out          ;
; |aes|outAddRoundKey[114] ; |aes|outAddRoundKey[114] ; pin_out          ;
; |aes|outAddRoundKey[115] ; |aes|outAddRoundKey[115] ; pin_out          ;
; |aes|outAddRoundKey[116] ; |aes|outAddRoundKey[116] ; pin_out          ;
; |aes|outAddRoundKey[117] ; |aes|outAddRoundKey[117] ; pin_out          ;
; |aes|outAddRoundKey[118] ; |aes|outAddRoundKey[118] ; pin_out          ;
; |aes|outAddRoundKey[119] ; |aes|outAddRoundKey[119] ; pin_out          ;
; |aes|outAddRoundKey[120] ; |aes|outAddRoundKey[120] ; pin_out          ;
; |aes|outAddRoundKey[121] ; |aes|outAddRoundKey[121] ; pin_out          ;
; |aes|outAddRoundKey[122] ; |aes|outAddRoundKey[122] ; pin_out          ;
; |aes|outAddRoundKey[123] ; |aes|outAddRoundKey[123] ; pin_out          ;
; |aes|outAddRoundKey[124] ; |aes|outAddRoundKey[124] ; pin_out          ;
; |aes|outAddRoundKey[125] ; |aes|outAddRoundKey[125] ; pin_out          ;
; |aes|outAddRoundKey[126] ; |aes|outAddRoundKey[126] ; pin_out          ;
; |aes|outAddRoundKey[127] ; |aes|outAddRoundKey[127] ; pin_out          ;
; |aes|outSubBytes[0]      ; |aes|outSubBytes[0]      ; pin_out          ;
; |aes|outSubBytes[1]      ; |aes|outSubBytes[1]      ; pin_out          ;
; |aes|outSubBytes[2]      ; |aes|outSubBytes[2]      ; pin_out          ;
; |aes|outSubBytes[3]      ; |aes|outSubBytes[3]      ; pin_out          ;
; |aes|outSubBytes[4]      ; |aes|outSubBytes[4]      ; pin_out          ;
; |aes|outSubBytes[5]      ; |aes|outSubBytes[5]      ; pin_out          ;
; |aes|outSubBytes[6]      ; |aes|outSubBytes[6]      ; pin_out          ;
; |aes|outSubBytes[7]      ; |aes|outSubBytes[7]      ; pin_out          ;
; |aes|outSubBytes[8]      ; |aes|outSubBytes[8]      ; pin_out          ;
; |aes|outSubBytes[9]      ; |aes|outSubBytes[9]      ; pin_out          ;
; |aes|outSubBytes[10]     ; |aes|outSubBytes[10]     ; pin_out          ;
; |aes|outSubBytes[11]     ; |aes|outSubBytes[11]     ; pin_out          ;
; |aes|outSubBytes[12]     ; |aes|outSubBytes[12]     ; pin_out          ;
; |aes|outSubBytes[13]     ; |aes|outSubBytes[13]     ; pin_out          ;
; |aes|outSubBytes[14]     ; |aes|outSubBytes[14]     ; pin_out          ;
; |aes|outSubBytes[15]     ; |aes|outSubBytes[15]     ; pin_out          ;
; |aes|outSubBytes[16]     ; |aes|outSubBytes[16]     ; pin_out          ;
; |aes|outSubBytes[17]     ; |aes|outSubBytes[17]     ; pin_out          ;
; |aes|outSubBytes[18]     ; |aes|outSubBytes[18]     ; pin_out          ;
; |aes|outSubBytes[19]     ; |aes|outSubBytes[19]     ; pin_out          ;
; |aes|outSubBytes[20]     ; |aes|outSubBytes[20]     ; pin_out          ;
; |aes|outSubBytes[21]     ; |aes|outSubBytes[21]     ; pin_out          ;
; |aes|outSubBytes[22]     ; |aes|outSubBytes[22]     ; pin_out          ;
; |aes|outSubBytes[23]     ; |aes|outSubBytes[23]     ; pin_out          ;
; |aes|outSubBytes[24]     ; |aes|outSubBytes[24]     ; pin_out          ;
; |aes|outSubBytes[25]     ; |aes|outSubBytes[25]     ; pin_out          ;
; |aes|outSubBytes[26]     ; |aes|outSubBytes[26]     ; pin_out          ;
; |aes|outSubBytes[27]     ; |aes|outSubBytes[27]     ; pin_out          ;
; |aes|outSubBytes[28]     ; |aes|outSubBytes[28]     ; pin_out          ;
; |aes|outSubBytes[29]     ; |aes|outSubBytes[29]     ; pin_out          ;
; |aes|outSubBytes[30]     ; |aes|outSubBytes[30]     ; pin_out          ;
; |aes|outSubBytes[31]     ; |aes|outSubBytes[31]     ; pin_out          ;
; |aes|outSubBytes[32]     ; |aes|outSubBytes[32]     ; pin_out          ;
; |aes|outSubBytes[33]     ; |aes|outSubBytes[33]     ; pin_out          ;
; |aes|outSubBytes[34]     ; |aes|outSubBytes[34]     ; pin_out          ;
; |aes|outSubBytes[35]     ; |aes|outSubBytes[35]     ; pin_out          ;
; |aes|outSubBytes[36]     ; |aes|outSubBytes[36]     ; pin_out          ;
; |aes|outSubBytes[37]     ; |aes|outSubBytes[37]     ; pin_out          ;
; |aes|outSubBytes[38]     ; |aes|outSubBytes[38]     ; pin_out          ;
; |aes|outSubBytes[39]     ; |aes|outSubBytes[39]     ; pin_out          ;
; |aes|outSubBytes[40]     ; |aes|outSubBytes[40]     ; pin_out          ;
; |aes|outSubBytes[41]     ; |aes|outSubBytes[41]     ; pin_out          ;
; |aes|outSubBytes[42]     ; |aes|outSubBytes[42]     ; pin_out          ;
; |aes|outSubBytes[43]     ; |aes|outSubBytes[43]     ; pin_out          ;
; |aes|outSubBytes[44]     ; |aes|outSubBytes[44]     ; pin_out          ;
; |aes|outSubBytes[45]     ; |aes|outSubBytes[45]     ; pin_out          ;
; |aes|outSubBytes[46]     ; |aes|outSubBytes[46]     ; pin_out          ;
; |aes|outSubBytes[47]     ; |aes|outSubBytes[47]     ; pin_out          ;
; |aes|outSubBytes[48]     ; |aes|outSubBytes[48]     ; pin_out          ;
; |aes|outSubBytes[49]     ; |aes|outSubBytes[49]     ; pin_out          ;
; |aes|outSubBytes[50]     ; |aes|outSubBytes[50]     ; pin_out          ;
; |aes|outSubBytes[51]     ; |aes|outSubBytes[51]     ; pin_out          ;
; |aes|outSubBytes[52]     ; |aes|outSubBytes[52]     ; pin_out          ;
; |aes|outSubBytes[53]     ; |aes|outSubBytes[53]     ; pin_out          ;
; |aes|outSubBytes[54]     ; |aes|outSubBytes[54]     ; pin_out          ;
; |aes|outSubBytes[55]     ; |aes|outSubBytes[55]     ; pin_out          ;
; |aes|outSubBytes[56]     ; |aes|outSubBytes[56]     ; pin_out          ;
; |aes|outSubBytes[57]     ; |aes|outSubBytes[57]     ; pin_out          ;
; |aes|outSubBytes[58]     ; |aes|outSubBytes[58]     ; pin_out          ;
; |aes|outSubBytes[59]     ; |aes|outSubBytes[59]     ; pin_out          ;
; |aes|outSubBytes[60]     ; |aes|outSubBytes[60]     ; pin_out          ;
; |aes|outSubBytes[61]     ; |aes|outSubBytes[61]     ; pin_out          ;
; |aes|outSubBytes[62]     ; |aes|outSubBytes[62]     ; pin_out          ;
; |aes|outSubBytes[63]     ; |aes|outSubBytes[63]     ; pin_out          ;
; |aes|outSubBytes[64]     ; |aes|outSubBytes[64]     ; pin_out          ;
; |aes|outSubBytes[65]     ; |aes|outSubBytes[65]     ; pin_out          ;
; |aes|outSubBytes[66]     ; |aes|outSubBytes[66]     ; pin_out          ;
; |aes|outSubBytes[67]     ; |aes|outSubBytes[67]     ; pin_out          ;
; |aes|outSubBytes[68]     ; |aes|outSubBytes[68]     ; pin_out          ;
; |aes|outSubBytes[69]     ; |aes|outSubBytes[69]     ; pin_out          ;
; |aes|outSubBytes[70]     ; |aes|outSubBytes[70]     ; pin_out          ;
; |aes|outSubBytes[71]     ; |aes|outSubBytes[71]     ; pin_out          ;
; |aes|outSubBytes[72]     ; |aes|outSubBytes[72]     ; pin_out          ;
; |aes|outSubBytes[73]     ; |aes|outSubBytes[73]     ; pin_out          ;
; |aes|outSubBytes[74]     ; |aes|outSubBytes[74]     ; pin_out          ;
; |aes|outSubBytes[75]     ; |aes|outSubBytes[75]     ; pin_out          ;
; |aes|outSubBytes[76]     ; |aes|outSubBytes[76]     ; pin_out          ;
; |aes|outSubBytes[77]     ; |aes|outSubBytes[77]     ; pin_out          ;
; |aes|outSubBytes[78]     ; |aes|outSubBytes[78]     ; pin_out          ;
; |aes|outSubBytes[79]     ; |aes|outSubBytes[79]     ; pin_out          ;
; |aes|outSubBytes[80]     ; |aes|outSubBytes[80]     ; pin_out          ;
; |aes|outSubBytes[81]     ; |aes|outSubBytes[81]     ; pin_out          ;
; |aes|outSubBytes[82]     ; |aes|outSubBytes[82]     ; pin_out          ;
; |aes|outSubBytes[83]     ; |aes|outSubBytes[83]     ; pin_out          ;
; |aes|outSubBytes[84]     ; |aes|outSubBytes[84]     ; pin_out          ;
; |aes|outSubBytes[85]     ; |aes|outSubBytes[85]     ; pin_out          ;
; |aes|outSubBytes[86]     ; |aes|outSubBytes[86]     ; pin_out          ;
; |aes|outSubBytes[87]     ; |aes|outSubBytes[87]     ; pin_out          ;
; |aes|outSubBytes[88]     ; |aes|outSubBytes[88]     ; pin_out          ;
; |aes|outSubBytes[89]     ; |aes|outSubBytes[89]     ; pin_out          ;
; |aes|outSubBytes[90]     ; |aes|outSubBytes[90]     ; pin_out          ;
; |aes|outSubBytes[91]     ; |aes|outSubBytes[91]     ; pin_out          ;
; |aes|outSubBytes[92]     ; |aes|outSubBytes[92]     ; pin_out          ;
; |aes|outSubBytes[93]     ; |aes|outSubBytes[93]     ; pin_out          ;
; |aes|outSubBytes[94]     ; |aes|outSubBytes[94]     ; pin_out          ;
; |aes|outSubBytes[95]     ; |aes|outSubBytes[95]     ; pin_out          ;
; |aes|outSubBytes[96]     ; |aes|outSubBytes[96]     ; pin_out          ;
; |aes|outSubBytes[97]     ; |aes|outSubBytes[97]     ; pin_out          ;
; |aes|outSubBytes[98]     ; |aes|outSubBytes[98]     ; pin_out          ;
; |aes|outSubBytes[99]     ; |aes|outSubBytes[99]     ; pin_out          ;
; |aes|outSubBytes[100]    ; |aes|outSubBytes[100]    ; pin_out          ;
; |aes|outSubBytes[101]    ; |aes|outSubBytes[101]    ; pin_out          ;
; |aes|outSubBytes[102]    ; |aes|outSubBytes[102]    ; pin_out          ;
; |aes|outSubBytes[103]    ; |aes|outSubBytes[103]    ; pin_out          ;
; |aes|outSubBytes[104]    ; |aes|outSubBytes[104]    ; pin_out          ;
; |aes|outSubBytes[105]    ; |aes|outSubBytes[105]    ; pin_out          ;
; |aes|outSubBytes[106]    ; |aes|outSubBytes[106]    ; pin_out          ;
; |aes|outSubBytes[107]    ; |aes|outSubBytes[107]    ; pin_out          ;
; |aes|outSubBytes[108]    ; |aes|outSubBytes[108]    ; pin_out          ;
; |aes|outSubBytes[109]    ; |aes|outSubBytes[109]    ; pin_out          ;
; |aes|outSubBytes[110]    ; |aes|outSubBytes[110]    ; pin_out          ;
; |aes|outSubBytes[111]    ; |aes|outSubBytes[111]    ; pin_out          ;
; |aes|outSubBytes[112]    ; |aes|outSubBytes[112]    ; pin_out          ;
; |aes|outSubBytes[113]    ; |aes|outSubBytes[113]    ; pin_out          ;
; |aes|outSubBytes[114]    ; |aes|outSubBytes[114]    ; pin_out          ;
; |aes|outSubBytes[115]    ; |aes|outSubBytes[115]    ; pin_out          ;
; |aes|outSubBytes[116]    ; |aes|outSubBytes[116]    ; pin_out          ;
; |aes|outSubBytes[117]    ; |aes|outSubBytes[117]    ; pin_out          ;
; |aes|outSubBytes[118]    ; |aes|outSubBytes[118]    ; pin_out          ;
; |aes|outSubBytes[119]    ; |aes|outSubBytes[119]    ; pin_out          ;
; |aes|outSubBytes[120]    ; |aes|outSubBytes[120]    ; pin_out          ;
; |aes|outSubBytes[121]    ; |aes|outSubBytes[121]    ; pin_out          ;
; |aes|outSubBytes[122]    ; |aes|outSubBytes[122]    ; pin_out          ;
; |aes|outSubBytes[123]    ; |aes|outSubBytes[123]    ; pin_out          ;
; |aes|outSubBytes[124]    ; |aes|outSubBytes[124]    ; pin_out          ;
; |aes|outSubBytes[125]    ; |aes|outSubBytes[125]    ; pin_out          ;
; |aes|outSubBytes[126]    ; |aes|outSubBytes[126]    ; pin_out          ;
; |aes|outSubBytes[127]    ; |aes|outSubBytes[127]    ; pin_out          ;
+--------------------------+--------------------------+------------------+


The following table displays output ports that do not toggle to 0 during simulation.
+------------------------------------------------------------------------+
; Missing 0-Value Coverage                                               ;
+--------------------------+--------------------------+------------------+
; Node Name                ; Output Port Name         ; Output Port Type ;
+--------------------------+--------------------------+------------------+
; |aes|outAddRoundKey[0]   ; |aes|outAddRoundKey[0]   ; pin_out          ;
; |aes|outAddRoundKey[1]   ; |aes|outAddRoundKey[1]   ; pin_out          ;
; |aes|outAddRoundKey[2]   ; |aes|outAddRoundKey[2]   ; pin_out          ;
; |aes|outAddRoundKey[3]   ; |aes|outAddRoundKey[3]   ; pin_out          ;
; |aes|outAddRoundKey[4]   ; |aes|outAddRoundKey[4]   ; pin_out          ;
; |aes|outAddRoundKey[5]   ; |aes|outAddRoundKey[5]   ; pin_out          ;
; |aes|outAddRoundKey[6]   ; |aes|outAddRoundKey[6]   ; pin_out          ;
; |aes|outAddRoundKey[7]   ; |aes|outAddRoundKey[7]   ; pin_out          ;
; |aes|outAddRoundKey[8]   ; |aes|outAddRoundKey[8]   ; pin_out          ;
; |aes|outAddRoundKey[9]   ; |aes|outAddRoundKey[9]   ; pin_out          ;
; |aes|outAddRoundKey[10]  ; |aes|outAddRoundKey[10]  ; pin_out          ;
; |aes|outAddRoundKey[11]  ; |aes|outAddRoundKey[11]  ; pin_out          ;
; |aes|outAddRoundKey[12]  ; |aes|outAddRoundKey[12]  ; pin_out          ;
; |aes|outAddRoundKey[13]  ; |aes|outAddRoundKey[13]  ; pin_out          ;
; |aes|outAddRoundKey[14]  ; |aes|outAddRoundKey[14]  ; pin_out          ;
; |aes|outAddRoundKey[15]  ; |aes|outAddRoundKey[15]  ; pin_out          ;
; |aes|outAddRoundKey[16]  ; |aes|outAddRoundKey[16]  ; pin_out          ;
; |aes|outAddRoundKey[17]  ; |aes|outAddRoundKey[17]  ; pin_out          ;
; |aes|outAddRoundKey[18]  ; |aes|outAddRoundKey[18]  ; pin_out          ;
; |aes|outAddRoundKey[19]  ; |aes|outAddRoundKey[19]  ; pin_out          ;
; |aes|outAddRoundKey[20]  ; |aes|outAddRoundKey[20]  ; pin_out          ;
; |aes|outAddRoundKey[21]  ; |aes|outAddRoundKey[21]  ; pin_out          ;
; |aes|outAddRoundKey[22]  ; |aes|outAddRoundKey[22]  ; pin_out          ;
; |aes|outAddRoundKey[23]  ; |aes|outAddRoundKey[23]  ; pin_out          ;
; |aes|outAddRoundKey[24]  ; |aes|outAddRoundKey[24]  ; pin_out          ;
; |aes|outAddRoundKey[25]  ; |aes|outAddRoundKey[25]  ; pin_out          ;
; |aes|outAddRoundKey[26]  ; |aes|outAddRoundKey[26]  ; pin_out          ;
; |aes|outAddRoundKey[27]  ; |aes|outAddRoundKey[27]  ; pin_out          ;
; |aes|outAddRoundKey[28]  ; |aes|outAddRoundKey[28]  ; pin_out          ;
; |aes|outAddRoundKey[29]  ; |aes|outAddRoundKey[29]  ; pin_out          ;
; |aes|outAddRoundKey[30]  ; |aes|outAddRoundKey[30]  ; pin_out          ;
; |aes|outAddRoundKey[31]  ; |aes|outAddRoundKey[31]  ; pin_out          ;
; |aes|outAddRoundKey[32]  ; |aes|outAddRoundKey[32]  ; pin_out          ;
; |aes|outAddRoundKey[33]  ; |aes|outAddRoundKey[33]  ; pin_out          ;
; |aes|outAddRoundKey[34]  ; |aes|outAddRoundKey[34]  ; pin_out          ;
; |aes|outAddRoundKey[35]  ; |aes|outAddRoundKey[35]  ; pin_out          ;
; |aes|outAddRoundKey[36]  ; |aes|outAddRoundKey[36]  ; pin_out          ;
; |aes|outAddRoundKey[37]  ; |aes|outAddRoundKey[37]  ; pin_out          ;
; |aes|outAddRoundKey[38]  ; |aes|outAddRoundKey[38]  ; pin_out          ;
; |aes|outAddRoundKey[39]  ; |aes|outAddRoundKey[39]  ; pin_out          ;
; |aes|outAddRoundKey[40]  ; |aes|outAddRoundKey[40]  ; pin_out          ;
; |aes|outAddRoundKey[41]  ; |aes|outAddRoundKey[41]  ; pin_out          ;
; |aes|outAddRoundKey[42]  ; |aes|outAddRoundKey[42]  ; pin_out          ;
; |aes|outAddRoundKey[43]  ; |aes|outAddRoundKey[43]  ; pin_out          ;
; |aes|outAddRoundKey[44]  ; |aes|outAddRoundKey[44]  ; pin_out          ;
; |aes|outAddRoundKey[45]  ; |aes|outAddRoundKey[45]  ; pin_out          ;
; |aes|outAddRoundKey[46]  ; |aes|outAddRoundKey[46]  ; pin_out          ;
; |aes|outAddRoundKey[47]  ; |aes|outAddRoundKey[47]  ; pin_out          ;
; |aes|outAddRoundKey[48]  ; |aes|outAddRoundKey[48]  ; pin_out          ;
; |aes|outAddRoundKey[49]  ; |aes|outAddRoundKey[49]  ; pin_out          ;
; |aes|outAddRoundKey[50]  ; |aes|outAddRoundKey[50]  ; pin_out          ;
; |aes|outAddRoundKey[51]  ; |aes|outAddRoundKey[51]  ; pin_out          ;
; |aes|outAddRoundKey[52]  ; |aes|outAddRoundKey[52]  ; pin_out          ;
; |aes|outAddRoundKey[53]  ; |aes|outAddRoundKey[53]  ; pin_out          ;
; |aes|outAddRoundKey[54]  ; |aes|outAddRoundKey[54]  ; pin_out          ;
; |aes|outAddRoundKey[55]  ; |aes|outAddRoundKey[55]  ; pin_out          ;
; |aes|outAddRoundKey[56]  ; |aes|outAddRoundKey[56]  ; pin_out          ;
; |aes|outAddRoundKey[57]  ; |aes|outAddRoundKey[57]  ; pin_out          ;
; |aes|outAddRoundKey[58]  ; |aes|outAddRoundKey[58]  ; pin_out          ;
; |aes|outAddRoundKey[59]  ; |aes|outAddRoundKey[59]  ; pin_out          ;
; |aes|outAddRoundKey[60]  ; |aes|outAddRoundKey[60]  ; pin_out          ;
; |aes|outAddRoundKey[61]  ; |aes|outAddRoundKey[61]  ; pin_out          ;
; |aes|outAddRoundKey[62]  ; |aes|outAddRoundKey[62]  ; pin_out          ;
; |aes|outAddRoundKey[63]  ; |aes|outAddRoundKey[63]  ; pin_out          ;
; |aes|outAddRoundKey[64]  ; |aes|outAddRoundKey[64]  ; pin_out          ;
; |aes|outAddRoundKey[65]  ; |aes|outAddRoundKey[65]  ; pin_out          ;
; |aes|outAddRoundKey[66]  ; |aes|outAddRoundKey[66]  ; pin_out          ;
; |aes|outAddRoundKey[67]  ; |aes|outAddRoundKey[67]  ; pin_out          ;
; |aes|outAddRoundKey[68]  ; |aes|outAddRoundKey[68]  ; pin_out          ;
; |aes|outAddRoundKey[69]  ; |aes|outAddRoundKey[69]  ; pin_out          ;
; |aes|outAddRoundKey[70]  ; |aes|outAddRoundKey[70]  ; pin_out          ;
; |aes|outAddRoundKey[71]  ; |aes|outAddRoundKey[71]  ; pin_out          ;
; |aes|outAddRoundKey[72]  ; |aes|outAddRoundKey[72]  ; pin_out          ;
; |aes|outAddRoundKey[73]  ; |aes|outAddRoundKey[73]  ; pin_out          ;
; |aes|outAddRoundKey[74]  ; |aes|outAddRoundKey[74]  ; pin_out          ;
; |aes|outAddRoundKey[75]  ; |aes|outAddRoundKey[75]  ; pin_out          ;
; |aes|outAddRoundKey[76]  ; |aes|outAddRoundKey[76]  ; pin_out          ;
; |aes|outAddRoundKey[77]  ; |aes|outAddRoundKey[77]  ; pin_out          ;
; |aes|outAddRoundKey[78]  ; |aes|outAddRoundKey[78]  ; pin_out          ;
; |aes|outAddRoundKey[79]  ; |aes|outAddRoundKey[79]  ; pin_out          ;
; |aes|outAddRoundKey[80]  ; |aes|outAddRoundKey[80]  ; pin_out          ;
; |aes|outAddRoundKey[81]  ; |aes|outAddRoundKey[81]  ; pin_out          ;
; |aes|outAddRoundKey[82]  ; |aes|outAddRoundKey[82]  ; pin_out          ;
; |aes|outAddRoundKey[83]  ; |aes|outAddRoundKey[83]  ; pin_out          ;
; |aes|outAddRoundKey[84]  ; |aes|outAddRoundKey[84]  ; pin_out          ;
; |aes|outAddRoundKey[85]  ; |aes|outAddRoundKey[85]  ; pin_out          ;
; |aes|outAddRoundKey[86]  ; |aes|outAddRoundKey[86]  ; pin_out          ;
; |aes|outAddRoundKey[87]  ; |aes|outAddRoundKey[87]  ; pin_out          ;
; |aes|outAddRoundKey[88]  ; |aes|outAddRoundKey[88]  ; pin_out          ;
; |aes|outAddRoundKey[89]  ; |aes|outAddRoundKey[89]  ; pin_out          ;
; |aes|outAddRoundKey[90]  ; |aes|outAddRoundKey[90]  ; pin_out          ;
; |aes|outAddRoundKey[91]  ; |aes|outAddRoundKey[91]  ; pin_out          ;
; |aes|outAddRoundKey[92]  ; |aes|outAddRoundKey[92]  ; pin_out          ;
; |aes|outAddRoundKey[93]  ; |aes|outAddRoundKey[93]  ; pin_out          ;
; |aes|outAddRoundKey[94]  ; |aes|outAddRoundKey[94]  ; pin_out          ;
; |aes|outAddRoundKey[95]  ; |aes|outAddRoundKey[95]  ; pin_out          ;
; |aes|outAddRoundKey[96]  ; |aes|outAddRoundKey[96]  ; pin_out          ;
; |aes|outAddRoundKey[97]  ; |aes|outAddRoundKey[97]  ; pin_out          ;
; |aes|outAddRoundKey[98]  ; |aes|outAddRoundKey[98]  ; pin_out          ;
; |aes|outAddRoundKey[99]  ; |aes|outAddRoundKey[99]  ; pin_out          ;
; |aes|outAddRoundKey[100] ; |aes|outAddRoundKey[100] ; pin_out          ;
; |aes|outAddRoundKey[101] ; |aes|outAddRoundKey[101] ; pin_out          ;
; |aes|outAddRoundKey[102] ; |aes|outAddRoundKey[102] ; pin_out          ;
; |aes|outAddRoundKey[103] ; |aes|outAddRoundKey[103] ; pin_out          ;
; |aes|outAddRoundKey[104] ; |aes|outAddRoundKey[104] ; pin_out          ;
; |aes|outAddRoundKey[105] ; |aes|outAddRoundKey[105] ; pin_out          ;
; |aes|outAddRoundKey[106] ; |aes|outAddRoundKey[106] ; pin_out          ;
; |aes|outAddRoundKey[107] ; |aes|outAddRoundKey[107] ; pin_out          ;
; |aes|outAddRoundKey[108] ; |aes|outAddRoundKey[108] ; pin_out          ;
; |aes|outAddRoundKey[109] ; |aes|outAddRoundKey[109] ; pin_out          ;
; |aes|outAddRoundKey[110] ; |aes|outAddRoundKey[110] ; pin_out          ;
; |aes|outAddRoundKey[111] ; |aes|outAddRoundKey[111] ; pin_out          ;
; |aes|outAddRoundKey[112] ; |aes|outAddRoundKey[112] ; pin_out          ;
; |aes|outAddRoundKey[113] ; |aes|outAddRoundKey[113] ; pin_out          ;
; |aes|outAddRoundKey[114] ; |aes|outAddRoundKey[114] ; pin_out          ;
; |aes|outAddRoundKey[115] ; |aes|outAddRoundKey[115] ; pin_out          ;
; |aes|outAddRoundKey[116] ; |aes|outAddRoundKey[116] ; pin_out          ;
; |aes|outAddRoundKey[117] ; |aes|outAddRoundKey[117] ; pin_out          ;
; |aes|outAddRoundKey[118] ; |aes|outAddRoundKey[118] ; pin_out          ;
; |aes|outAddRoundKey[119] ; |aes|outAddRoundKey[119] ; pin_out          ;
; |aes|outAddRoundKey[120] ; |aes|outAddRoundKey[120] ; pin_out          ;
; |aes|outAddRoundKey[121] ; |aes|outAddRoundKey[121] ; pin_out          ;
; |aes|outAddRoundKey[122] ; |aes|outAddRoundKey[122] ; pin_out          ;
; |aes|outAddRoundKey[123] ; |aes|outAddRoundKey[123] ; pin_out          ;
; |aes|outAddRoundKey[124] ; |aes|outAddRoundKey[124] ; pin_out          ;
; |aes|outAddRoundKey[125] ; |aes|outAddRoundKey[125] ; pin_out          ;
; |aes|outAddRoundKey[126] ; |aes|outAddRoundKey[126] ; pin_out          ;
; |aes|outAddRoundKey[127] ; |aes|outAddRoundKey[127] ; pin_out          ;
; |aes|outSubBytes[0]      ; |aes|outSubBytes[0]      ; pin_out          ;
; |aes|outSubBytes[1]      ; |aes|outSubBytes[1]      ; pin_out          ;
; |aes|outSubBytes[2]      ; |aes|outSubBytes[2]      ; pin_out          ;
; |aes|outSubBytes[3]      ; |aes|outSubBytes[3]      ; pin_out          ;
; |aes|outSubBytes[4]      ; |aes|outSubBytes[4]      ; pin_out          ;
; |aes|outSubBytes[5]      ; |aes|outSubBytes[5]      ; pin_out          ;
; |aes|outSubBytes[6]      ; |aes|outSubBytes[6]      ; pin_out          ;
; |aes|outSubBytes[7]      ; |aes|outSubBytes[7]      ; pin_out          ;
; |aes|outSubBytes[8]      ; |aes|outSubBytes[8]      ; pin_out          ;
; |aes|outSubBytes[9]      ; |aes|outSubBytes[9]      ; pin_out          ;
; |aes|outSubBytes[10]     ; |aes|outSubBytes[10]     ; pin_out          ;
; |aes|outSubBytes[11]     ; |aes|outSubBytes[11]     ; pin_out          ;
; |aes|outSubBytes[12]     ; |aes|outSubBytes[12]     ; pin_out          ;
; |aes|outSubBytes[13]     ; |aes|outSubBytes[13]     ; pin_out          ;
; |aes|outSubBytes[14]     ; |aes|outSubBytes[14]     ; pin_out          ;
; |aes|outSubBytes[15]     ; |aes|outSubBytes[15]     ; pin_out          ;
; |aes|outSubBytes[16]     ; |aes|outSubBytes[16]     ; pin_out          ;
; |aes|outSubBytes[17]     ; |aes|outSubBytes[17]     ; pin_out          ;
; |aes|outSubBytes[18]     ; |aes|outSubBytes[18]     ; pin_out          ;
; |aes|outSubBytes[19]     ; |aes|outSubBytes[19]     ; pin_out          ;
; |aes|outSubBytes[20]     ; |aes|outSubBytes[20]     ; pin_out          ;
; |aes|outSubBytes[21]     ; |aes|outSubBytes[21]     ; pin_out          ;
; |aes|outSubBytes[22]     ; |aes|outSubBytes[22]     ; pin_out          ;
; |aes|outSubBytes[23]     ; |aes|outSubBytes[23]     ; pin_out          ;
; |aes|outSubBytes[24]     ; |aes|outSubBytes[24]     ; pin_out          ;
; |aes|outSubBytes[25]     ; |aes|outSubBytes[25]     ; pin_out          ;
; |aes|outSubBytes[26]     ; |aes|outSubBytes[26]     ; pin_out          ;
; |aes|outSubBytes[27]     ; |aes|outSubBytes[27]     ; pin_out          ;
; |aes|outSubBytes[28]     ; |aes|outSubBytes[28]     ; pin_out          ;
; |aes|outSubBytes[29]     ; |aes|outSubBytes[29]     ; pin_out          ;
; |aes|outSubBytes[30]     ; |aes|outSubBytes[30]     ; pin_out          ;
; |aes|outSubBytes[31]     ; |aes|outSubBytes[31]     ; pin_out          ;
; |aes|outSubBytes[32]     ; |aes|outSubBytes[32]     ; pin_out          ;
; |aes|outSubBytes[33]     ; |aes|outSubBytes[33]     ; pin_out          ;
; |aes|outSubBytes[34]     ; |aes|outSubBytes[34]     ; pin_out          ;
; |aes|outSubBytes[35]     ; |aes|outSubBytes[35]     ; pin_out          ;
; |aes|outSubBytes[36]     ; |aes|outSubBytes[36]     ; pin_out          ;
; |aes|outSubBytes[37]     ; |aes|outSubBytes[37]     ; pin_out          ;
; |aes|outSubBytes[38]     ; |aes|outSubBytes[38]     ; pin_out          ;
; |aes|outSubBytes[39]     ; |aes|outSubBytes[39]     ; pin_out          ;
; |aes|outSubBytes[40]     ; |aes|outSubBytes[40]     ; pin_out          ;
; |aes|outSubBytes[41]     ; |aes|outSubBytes[41]     ; pin_out          ;
; |aes|outSubBytes[42]     ; |aes|outSubBytes[42]     ; pin_out          ;
; |aes|outSubBytes[43]     ; |aes|outSubBytes[43]     ; pin_out          ;
; |aes|outSubBytes[44]     ; |aes|outSubBytes[44]     ; pin_out          ;
; |aes|outSubBytes[45]     ; |aes|outSubBytes[45]     ; pin_out          ;
; |aes|outSubBytes[46]     ; |aes|outSubBytes[46]     ; pin_out          ;
; |aes|outSubBytes[47]     ; |aes|outSubBytes[47]     ; pin_out          ;
; |aes|outSubBytes[48]     ; |aes|outSubBytes[48]     ; pin_out          ;
; |aes|outSubBytes[49]     ; |aes|outSubBytes[49]     ; pin_out          ;
; |aes|outSubBytes[50]     ; |aes|outSubBytes[50]     ; pin_out          ;
; |aes|outSubBytes[51]     ; |aes|outSubBytes[51]     ; pin_out          ;
; |aes|outSubBytes[52]     ; |aes|outSubBytes[52]     ; pin_out          ;
; |aes|outSubBytes[53]     ; |aes|outSubBytes[53]     ; pin_out          ;
; |aes|outSubBytes[54]     ; |aes|outSubBytes[54]     ; pin_out          ;
; |aes|outSubBytes[55]     ; |aes|outSubBytes[55]     ; pin_out          ;
; |aes|outSubBytes[56]     ; |aes|outSubBytes[56]     ; pin_out          ;
; |aes|outSubBytes[57]     ; |aes|outSubBytes[57]     ; pin_out          ;
; |aes|outSubBytes[58]     ; |aes|outSubBytes[58]     ; pin_out          ;
; |aes|outSubBytes[59]     ; |aes|outSubBytes[59]     ; pin_out          ;
; |aes|outSubBytes[60]     ; |aes|outSubBytes[60]     ; pin_out          ;
; |aes|outSubBytes[61]     ; |aes|outSubBytes[61]     ; pin_out          ;
; |aes|outSubBytes[62]     ; |aes|outSubBytes[62]     ; pin_out          ;
; |aes|outSubBytes[63]     ; |aes|outSubBytes[63]     ; pin_out          ;
; |aes|outSubBytes[64]     ; |aes|outSubBytes[64]     ; pin_out          ;
; |aes|outSubBytes[65]     ; |aes|outSubBytes[65]     ; pin_out          ;
; |aes|outSubBytes[66]     ; |aes|outSubBytes[66]     ; pin_out          ;
; |aes|outSubBytes[67]     ; |aes|outSubBytes[67]     ; pin_out          ;
; |aes|outSubBytes[68]     ; |aes|outSubBytes[68]     ; pin_out          ;
; |aes|outSubBytes[69]     ; |aes|outSubBytes[69]     ; pin_out          ;
; |aes|outSubBytes[70]     ; |aes|outSubBytes[70]     ; pin_out          ;
; |aes|outSubBytes[71]     ; |aes|outSubBytes[71]     ; pin_out          ;
; |aes|outSubBytes[72]     ; |aes|outSubBytes[72]     ; pin_out          ;
; |aes|outSubBytes[73]     ; |aes|outSubBytes[73]     ; pin_out          ;
; |aes|outSubBytes[74]     ; |aes|outSubBytes[74]     ; pin_out          ;
; |aes|outSubBytes[75]     ; |aes|outSubBytes[75]     ; pin_out          ;
; |aes|outSubBytes[76]     ; |aes|outSubBytes[76]     ; pin_out          ;
; |aes|outSubBytes[77]     ; |aes|outSubBytes[77]     ; pin_out          ;
; |aes|outSubBytes[78]     ; |aes|outSubBytes[78]     ; pin_out          ;
; |aes|outSubBytes[79]     ; |aes|outSubBytes[79]     ; pin_out          ;
; |aes|outSubBytes[80]     ; |aes|outSubBytes[80]     ; pin_out          ;
; |aes|outSubBytes[81]     ; |aes|outSubBytes[81]     ; pin_out          ;
; |aes|outSubBytes[82]     ; |aes|outSubBytes[82]     ; pin_out          ;
; |aes|outSubBytes[83]     ; |aes|outSubBytes[83]     ; pin_out          ;
; |aes|outSubBytes[84]     ; |aes|outSubBytes[84]     ; pin_out          ;
; |aes|outSubBytes[85]     ; |aes|outSubBytes[85]     ; pin_out          ;
; |aes|outSubBytes[86]     ; |aes|outSubBytes[86]     ; pin_out          ;
; |aes|outSubBytes[87]     ; |aes|outSubBytes[87]     ; pin_out          ;
; |aes|outSubBytes[88]     ; |aes|outSubBytes[88]     ; pin_out          ;
; |aes|outSubBytes[89]     ; |aes|outSubBytes[89]     ; pin_out          ;
; |aes|outSubBytes[90]     ; |aes|outSubBytes[90]     ; pin_out          ;
; |aes|outSubBytes[91]     ; |aes|outSubBytes[91]     ; pin_out          ;
; |aes|outSubBytes[92]     ; |aes|outSubBytes[92]     ; pin_out          ;
; |aes|outSubBytes[93]     ; |aes|outSubBytes[93]     ; pin_out          ;
; |aes|outSubBytes[94]     ; |aes|outSubBytes[94]     ; pin_out          ;
; |aes|outSubBytes[95]     ; |aes|outSubBytes[95]     ; pin_out          ;
; |aes|outSubBytes[96]     ; |aes|outSubBytes[96]     ; pin_out          ;
; |aes|outSubBytes[97]     ; |aes|outSubBytes[97]     ; pin_out          ;
; |aes|outSubBytes[98]     ; |aes|outSubBytes[98]     ; pin_out          ;
; |aes|outSubBytes[99]     ; |aes|outSubBytes[99]     ; pin_out          ;
; |aes|outSubBytes[100]    ; |aes|outSubBytes[100]    ; pin_out          ;
; |aes|outSubBytes[101]    ; |aes|outSubBytes[101]    ; pin_out          ;
; |aes|outSubBytes[102]    ; |aes|outSubBytes[102]    ; pin_out          ;
; |aes|outSubBytes[103]    ; |aes|outSubBytes[103]    ; pin_out          ;
; |aes|outSubBytes[104]    ; |aes|outSubBytes[104]    ; pin_out          ;
; |aes|outSubBytes[105]    ; |aes|outSubBytes[105]    ; pin_out          ;
; |aes|outSubBytes[106]    ; |aes|outSubBytes[106]    ; pin_out          ;
; |aes|outSubBytes[107]    ; |aes|outSubBytes[107]    ; pin_out          ;
; |aes|outSubBytes[108]    ; |aes|outSubBytes[108]    ; pin_out          ;
; |aes|outSubBytes[109]    ; |aes|outSubBytes[109]    ; pin_out          ;
; |aes|outSubBytes[110]    ; |aes|outSubBytes[110]    ; pin_out          ;
; |aes|outSubBytes[111]    ; |aes|outSubBytes[111]    ; pin_out          ;
; |aes|outSubBytes[112]    ; |aes|outSubBytes[112]    ; pin_out          ;
; |aes|outSubBytes[113]    ; |aes|outSubBytes[113]    ; pin_out          ;
; |aes|outSubBytes[114]    ; |aes|outSubBytes[114]    ; pin_out          ;
; |aes|outSubBytes[115]    ; |aes|outSubBytes[115]    ; pin_out          ;
; |aes|outSubBytes[116]    ; |aes|outSubBytes[116]    ; pin_out          ;
; |aes|outSubBytes[117]    ; |aes|outSubBytes[117]    ; pin_out          ;
; |aes|outSubBytes[118]    ; |aes|outSubBytes[118]    ; pin_out          ;
; |aes|outSubBytes[119]    ; |aes|outSubBytes[119]    ; pin_out          ;
; |aes|outSubBytes[120]    ; |aes|outSubBytes[120]    ; pin_out          ;
; |aes|outSubBytes[121]    ; |aes|outSubBytes[121]    ; pin_out          ;
; |aes|outSubBytes[122]    ; |aes|outSubBytes[122]    ; pin_out          ;
; |aes|outSubBytes[123]    ; |aes|outSubBytes[123]    ; pin_out          ;
; |aes|outSubBytes[124]    ; |aes|outSubBytes[124]    ; pin_out          ;
; |aes|outSubBytes[125]    ; |aes|outSubBytes[125]    ; pin_out          ;
; |aes|outSubBytes[126]    ; |aes|outSubBytes[126]    ; pin_out          ;
; |aes|outSubBytes[127]    ; |aes|outSubBytes[127]    ; pin_out          ;
+--------------------------+--------------------------+------------------+


+---------------------+
; Simulator INI Usage ;
+--------+------------+
; Option ; Usage      ;
+--------+------------+


+--------------------+
; Simulator Messages ;
+--------------------+
Info: *******************************************************************
Info: Running Quartus II 64-Bit Simulator
    Info: Version 13.0.0 Build 156 04/24/2013 SJ Web Edition
    Info: Processing started: Mon Sep 16 00:03:55 2019
Info: Command: quartus_sim --simulation_results_format=VWF aes -c aes
Info (324025): Using vector source file "C:/Users/Arthur/Desktop/aes/git1/Hardware-Implementation-of-AES-VHDL/AES-128-Bit-VHDL/Waveform.vwf"
Info (310003): Option to preserve fewer signal transitions to reduce memory requirements is enabled
    Info (310004): Simulation has been partitioned into sub-simulations according to the maximum transition count determined by the engine. Transitions from memory will be flushed out to disk at the end of each sub-simulation to reduce memory requirements.
Info (310002): Simulation partitioned into 1 sub-simulations
Info (328053): Simulation coverage is       0.00 %
Info (328052): Number of transitions in simulation is 24
Info (324045): Vector file aes.sim.vwf is saved in VWF text format. You can compress it into CVWF format in order to reduce file size. For more details please refer to the Quartus II Help.
Info: Quartus II 64-Bit Simulator was successful. 0 errors, 0 warnings
    Info: Peak virtual memory: 4465 megabytes
    Info: Processing ended: Mon Sep 16 00:03:56 2019
    Info: Elapsed time: 00:00:01
    Info: Total CPU time (on all processors): 00:00:01


